<?xml version="1.0" encoding="ISO-8859-1" ?>
<link_info>
   <banner>MSP430 Linker PC v20.2.1.LTS</banner>
   <copyright>Copyright (c) 2003-2018 Texas Instruments Incorporated</copyright>
   <link_time>0x5f339115</link_time>
   <link_errors>0x0</link_errors>
   <output_file>C_auto.out</output_file>
   <entry_point>
      <name>_c_int00_noargs</name>
      <address>0x4456</address>
   </entry_point>
   <input_file_list>
      <input_file id="fl-2">
         <path>.\src\device\</path>
         <kind>object</kind>
         <file>soft_i2c.obj</file>
         <name>soft_i2c.obj</name>
      </input_file>
      <input_file id="fl-3">
         <path>.\src\device\</path>
         <kind>object</kind>
         <file>soft_spi.obj</file>
         <name>soft_spi.obj</name>
      </input_file>
      <input_file id="fl-4">
         <path>.\src\device\</path>
         <kind>object</kind>
         <file>ucs.obj</file>
         <name>ucs.obj</name>
      </input_file>
      <input_file id="fl-5">
         <path>.\src\device\</path>
         <kind>object</kind>
         <file>usci_a0_spi.obj</file>
         <name>usci_a0_spi.obj</name>
      </input_file>
      <input_file id="fl-6">
         <path>.\src\device\</path>
         <kind>object</kind>
         <file>usci_a1_spi.obj</file>
         <name>usci_a1_spi.obj</name>
      </input_file>
      <input_file id="fl-7">
         <path>.\src\device\</path>
         <kind>object</kind>
         <file>usci_b0_i2c.obj</file>
         <name>usci_b0_i2c.obj</name>
      </input_file>
      <input_file id="fl-8">
         <path>.\src\device\</path>
         <kind>object</kind>
         <file>usci_b0_spi.obj</file>
         <name>usci_b0_spi.obj</name>
      </input_file>
      <input_file id="fl-9">
         <path>.\src\device\</path>
         <kind>object</kind>
         <file>usci_b1_i2c.obj</file>
         <name>usci_b1_i2c.obj</name>
      </input_file>
      <input_file id="fl-a">
         <path>.\src\device\</path>
         <kind>object</kind>
         <file>usci_b1_spi.obj</file>
         <name>usci_b1_spi.obj</name>
      </input_file>
      <input_file id="fl-b">
         <path>.\src\device\</path>
         <kind>object</kind>
         <file>wdt.obj</file>
         <name>wdt.obj</name>
      </input_file>
      <input_file id="fl-c">
         <path>.\src\driver\</path>
         <kind>object</kind>
         <file>ads1118.obj</file>
         <name>ads1118.obj</name>
      </input_file>
      <input_file id="fl-d">
         <path>.\src\driver\</path>
         <kind>object</kind>
         <file>dac8571.obj</file>
         <name>dac8571.obj</name>
      </input_file>
      <input_file id="fl-e">
         <path>.\src\driver\</path>
         <kind>object</kind>
         <file>key.obj</file>
         <name>key.obj</name>
      </input_file>
      <input_file id="fl-f">
         <path>.\src\driver\</path>
         <kind>object</kind>
         <file>led.obj</file>
         <name>led.obj</name>
      </input_file>
      <input_file id="fl-10">
         <path>.\src\driver\</path>
         <kind>object</kind>
         <file>ssd1351.obj</file>
         <name>ssd1351.obj</name>
      </input_file>
      <input_file id="fl-11">
         <path>.\src\</path>
         <kind>object</kind>
         <file>main.obj</file>
         <name>main.obj</name>
      </input_file>
      <input_file id="fl-12">
         <path>.\src\</path>
         <kind>object</kind>
         <file>vector.obj</file>
         <name>vector.obj</name>
      </input_file>
      <input_file id="fl-13">
         <path>.\src\system\</path>
         <kind>object</kind>
         <file>fonts.obj</file>
         <name>fonts.obj</name>
      </input_file>
      <input_file id="fl-14">
         <path>.\src\system\</path>
         <kind>object</kind>
         <file>init.obj</file>
         <name>init.obj</name>
      </input_file>
      <input_file id="fl-15">
         <path>.\src\system\</path>
         <kind>object</kind>
         <file>lut.obj</file>
         <name>lut.obj</name>
      </input_file>
      <input_file id="fl-16">
         <path>.\src\system\</path>
         <kind>object</kind>
         <file>user.obj</file>
         <name>user.obj</name>
      </input_file>
      <input_file id="fl-17">
         <path>.\src\user\</path>
         <kind>object</kind>
         <file>R_C_L_detect.obj</file>
         <name>R_C_L_detect.obj</name>
      </input_file>
      <input_file id="fl-1d">
         <kind>object</kind>
         <file>&lt;internal&gt;</file>
         <name>&lt;internal&gt;</name>
      </input_file>
      <input_file id="fl-38">
         <path>C:\ti\ccs1010\ccs\tools\compiler\ti-cgt-msp430_20.2.1.LTS\lib\</path>
         <kind>archive</kind>
         <file>rts430x_lc_rd_eabi.lib</file>
         <name>e_pow.c.obj</name>
      </input_file>
      <input_file id="fl-39">
         <path>C:\ti\ccs1010\ccs\tools\compiler\ti-cgt-msp430_20.2.1.LTS\lib\</path>
         <kind>archive</kind>
         <file>rts430x_lc_rd_eabi.lib</file>
         <name>e_sqrt.c.obj</name>
      </input_file>
      <input_file id="fl-3a">
         <path>C:\ti\ccs1010\ccs\tools\compiler\ti-cgt-msp430_20.2.1.LTS\lib\</path>
         <kind>archive</kind>
         <file>rts430x_lc_rd_eabi.lib</file>
         <name>s_scalbn.c.obj</name>
      </input_file>
      <input_file id="fl-3b">
         <path>C:\ti\ccs1010\ccs\tools\compiler\ti-cgt-msp430_20.2.1.LTS\lib\</path>
         <kind>archive</kind>
         <file>rts430x_lc_rd_eabi.lib</file>
         <name>sprintf.c.obj</name>
      </input_file>
      <input_file id="fl-3c">
         <path>C:\ti\ccs1010\ccs\tools\compiler\ti-cgt-msp430_20.2.1.LTS\lib\</path>
         <kind>archive</kind>
         <file>rts430x_lc_rd_eabi.lib</file>
         <name>s_copysign.c.obj</name>
      </input_file>
      <input_file id="fl-3d">
         <path>C:\ti\ccs1010\ccs\tools\compiler\ti-cgt-msp430_20.2.1.LTS\lib\</path>
         <kind>archive</kind>
         <file>rts430x_lc_rd_eabi.lib</file>
         <name>asr16.asm.obj</name>
      </input_file>
      <input_file id="fl-3e">
         <path>C:\ti\ccs1010\ccs\tools\compiler\ti-cgt-msp430_20.2.1.LTS\lib\</path>
         <kind>archive</kind>
         <file>rts430x_lc_rd_eabi.lib</file>
         <name>asr32.asm.obj</name>
      </input_file>
      <input_file id="fl-3f">
         <path>C:\ti\ccs1010\ccs\tools\compiler\ti-cgt-msp430_20.2.1.LTS\lib\</path>
         <kind>archive</kind>
         <file>rts430x_lc_rd_eabi.lib</file>
         <name>div32u.asm.obj</name>
      </input_file>
      <input_file id="fl-40">
         <path>C:\ti\ccs1010\ccs\tools\compiler\ti-cgt-msp430_20.2.1.LTS\lib\</path>
         <kind>archive</kind>
         <file>rts430x_lc_rd_eabi.lib</file>
         <name>fs_add.asm.obj</name>
      </input_file>
      <input_file id="fl-41">
         <path>C:\ti\ccs1010\ccs\tools\compiler\ti-cgt-msp430_20.2.1.LTS\lib\</path>
         <kind>archive</kind>
         <file>rts430x_lc_rd_eabi.lib</file>
         <name>fs_cmp.asm.obj</name>
      </input_file>
      <input_file id="fl-42">
         <path>C:\ti\ccs1010\ccs\tools\compiler\ti-cgt-msp430_20.2.1.LTS\lib\</path>
         <kind>archive</kind>
         <file>rts430x_lc_rd_eabi.lib</file>
         <name>fs_div.asm.obj</name>
      </input_file>
      <input_file id="fl-43">
         <path>C:\ti\ccs1010\ccs\tools\compiler\ti-cgt-msp430_20.2.1.LTS\lib\</path>
         <kind>archive</kind>
         <file>rts430x_lc_rd_eabi.lib</file>
         <name>fs_itof.asm.obj</name>
      </input_file>
      <input_file id="fl-44">
         <path>C:\ti\ccs1010\ccs\tools\compiler\ti-cgt-msp430_20.2.1.LTS\lib\</path>
         <kind>archive</kind>
         <file>rts430x_lc_rd_eabi.lib</file>
         <name>fs_mpy.asm.obj</name>
      </input_file>
      <input_file id="fl-45">
         <path>C:\ti\ccs1010\ccs\tools\compiler\ti-cgt-msp430_20.2.1.LTS\lib\</path>
         <kind>archive</kind>
         <file>rts430x_lc_rd_eabi.lib</file>
         <name>fs_utof.asm.obj</name>
      </input_file>
      <input_file id="fl-46">
         <path>C:\ti\ccs1010\ccs\tools\compiler\ti-cgt-msp430_20.2.1.LTS\lib\</path>
         <kind>archive</kind>
         <file>rts430x_lc_rd_eabi.lib</file>
         <name>int41.asm.obj</name>
      </input_file>
      <input_file id="fl-47">
         <path>C:\ti\ccs1010\ccs\tools\compiler\ti-cgt-msp430_20.2.1.LTS\lib\</path>
         <kind>archive</kind>
         <file>rts430x_lc_rd_eabi.lib</file>
         <name>int42.asm.obj</name>
      </input_file>
      <input_file id="fl-48">
         <path>C:\ti\ccs1010\ccs\tools\compiler\ti-cgt-msp430_20.2.1.LTS\lib\</path>
         <kind>archive</kind>
         <file>rts430x_lc_rd_eabi.lib</file>
         <name>int43.asm.obj</name>
      </input_file>
      <input_file id="fl-49">
         <path>C:\ti\ccs1010\ccs\tools\compiler\ti-cgt-msp430_20.2.1.LTS\lib\</path>
         <kind>archive</kind>
         <file>rts430x_lc_rd_eabi.lib</file>
         <name>int44.asm.obj</name>
      </input_file>
      <input_file id="fl-4a">
         <path>C:\ti\ccs1010\ccs\tools\compiler\ti-cgt-msp430_20.2.1.LTS\lib\</path>
         <kind>archive</kind>
         <file>rts430x_lc_rd_eabi.lib</file>
         <name>int46.asm.obj</name>
      </input_file>
      <input_file id="fl-4b">
         <path>C:\ti\ccs1010\ccs\tools\compiler\ti-cgt-msp430_20.2.1.LTS\lib\</path>
         <kind>archive</kind>
         <file>rts430x_lc_rd_eabi.lib</file>
         <name>int47.asm.obj</name>
      </input_file>
      <input_file id="fl-4c">
         <path>C:\ti\ccs1010\ccs\tools\compiler\ti-cgt-msp430_20.2.1.LTS\lib\</path>
         <kind>archive</kind>
         <file>rts430x_lc_rd_eabi.lib</file>
         <name>int48.asm.obj</name>
      </input_file>
      <input_file id="fl-4d">
         <path>C:\ti\ccs1010\ccs\tools\compiler\ti-cgt-msp430_20.2.1.LTS\lib\</path>
         <kind>archive</kind>
         <file>rts430x_lc_rd_eabi.lib</file>
         <name>int49.asm.obj</name>
      </input_file>
      <input_file id="fl-4e">
         <path>C:\ti\ccs1010\ccs\tools\compiler\ti-cgt-msp430_20.2.1.LTS\lib\</path>
         <kind>archive</kind>
         <file>rts430x_lc_rd_eabi.lib</file>
         <name>int50.asm.obj</name>
      </input_file>
      <input_file id="fl-4f">
         <path>C:\ti\ccs1010\ccs\tools\compiler\ti-cgt-msp430_20.2.1.LTS\lib\</path>
         <kind>archive</kind>
         <file>rts430x_lc_rd_eabi.lib</file>
         <name>int51.asm.obj</name>
      </input_file>
      <input_file id="fl-50">
         <path>C:\ti\ccs1010\ccs\tools\compiler\ti-cgt-msp430_20.2.1.LTS\lib\</path>
         <kind>archive</kind>
         <file>rts430x_lc_rd_eabi.lib</file>
         <name>int52.asm.obj</name>
      </input_file>
      <input_file id="fl-51">
         <path>C:\ti\ccs1010\ccs\tools\compiler\ti-cgt-msp430_20.2.1.LTS\lib\</path>
         <kind>archive</kind>
         <file>rts430x_lc_rd_eabi.lib</file>
         <name>int53.asm.obj</name>
      </input_file>
      <input_file id="fl-52">
         <path>C:\ti\ccs1010\ccs\tools\compiler\ti-cgt-msp430_20.2.1.LTS\lib\</path>
         <kind>archive</kind>
         <file>rts430x_lc_rd_eabi.lib</file>
         <name>int54.asm.obj</name>
      </input_file>
      <input_file id="fl-53">
         <path>C:\ti\ccs1010\ccs\tools\compiler\ti-cgt-msp430_20.2.1.LTS\lib\</path>
         <kind>archive</kind>
         <file>rts430x_lc_rd_eabi.lib</file>
         <name>int58.asm.obj</name>
      </input_file>
      <input_file id="fl-54">
         <path>C:\ti\ccs1010\ccs\tools\compiler\ti-cgt-msp430_20.2.1.LTS\lib\</path>
         <kind>archive</kind>
         <file>rts430x_lc_rd_eabi.lib</file>
         <name>int59.asm.obj</name>
      </input_file>
      <input_file id="fl-55">
         <path>C:\ti\ccs1010\ccs\tools\compiler\ti-cgt-msp430_20.2.1.LTS\lib\</path>
         <kind>archive</kind>
         <file>rts430x_lc_rd_eabi.lib</file>
         <name>int60.asm.obj</name>
      </input_file>
      <input_file id="fl-56">
         <path>C:\ti\ccs1010\ccs\tools\compiler\ti-cgt-msp430_20.2.1.LTS\lib\</path>
         <kind>archive</kind>
         <file>rts430x_lc_rd_eabi.lib</file>
         <name>int61.asm.obj</name>
      </input_file>
      <input_file id="fl-57">
         <path>C:\ti\ccs1010\ccs\tools\compiler\ti-cgt-msp430_20.2.1.LTS\lib\</path>
         <kind>archive</kind>
         <file>rts430x_lc_rd_eabi.lib</file>
         <name>int62.asm.obj</name>
      </input_file>
      <input_file id="fl-58">
         <path>C:\ti\ccs1010\ccs\tools\compiler\ti-cgt-msp430_20.2.1.LTS\lib\</path>
         <kind>archive</kind>
         <file>rts430x_lc_rd_eabi.lib</file>
         <name>isr_trap.asm.obj</name>
      </input_file>
      <input_file id="fl-59">
         <path>C:\ti\ccs1010\ccs\tools\compiler\ti-cgt-msp430_20.2.1.LTS\lib\</path>
         <kind>archive</kind>
         <file>rts430x_lc_rd_eabi.lib</file>
         <name>lsl16.asm.obj</name>
      </input_file>
      <input_file id="fl-5a">
         <path>C:\ti\ccs1010\ccs\tools\compiler\ti-cgt-msp430_20.2.1.LTS\lib\</path>
         <kind>archive</kind>
         <file>rts430x_lc_rd_eabi.lib</file>
         <name>lsl32.asm.obj</name>
      </input_file>
      <input_file id="fl-5b">
         <path>C:\ti\ccs1010\ccs\tools\compiler\ti-cgt-msp430_20.2.1.LTS\lib\</path>
         <kind>archive</kind>
         <file>rts430x_lc_rd_eabi.lib</file>
         <name>lsr16.asm.obj</name>
      </input_file>
      <input_file id="fl-5c">
         <path>C:\ti\ccs1010\ccs\tools\compiler\ti-cgt-msp430_20.2.1.LTS\lib\</path>
         <kind>archive</kind>
         <file>rts430x_lc_rd_eabi.lib</file>
         <name>lsr32.asm.obj</name>
      </input_file>
      <input_file id="fl-5d">
         <path>C:\ti\ccs1010\ccs\tools\compiler\ti-cgt-msp430_20.2.1.LTS\lib\</path>
         <kind>archive</kind>
         <file>rts430x_lc_rd_eabi.lib</file>
         <name>mult16.asm.obj</name>
      </input_file>
      <input_file id="fl-5e">
         <path>C:\ti\ccs1010\ccs\tools\compiler\ti-cgt-msp430_20.2.1.LTS\lib\</path>
         <kind>archive</kind>
         <file>rts430x_lc_rd_eabi.lib</file>
         <name>mult16_f5hw.asm.obj</name>
      </input_file>
      <input_file id="fl-5f">
         <path>C:\ti\ccs1010\ccs\tools\compiler\ti-cgt-msp430_20.2.1.LTS\lib\</path>
         <kind>archive</kind>
         <file>rts430x_lc_rd_eabi.lib</file>
         <name>mult1632_f5hw.asm.obj</name>
      </input_file>
      <input_file id="fl-60">
         <path>C:\ti\ccs1010\ccs\tools\compiler\ti-cgt-msp430_20.2.1.LTS\lib\</path>
         <kind>archive</kind>
         <file>rts430x_lc_rd_eabi.lib</file>
         <name>mult32.asm.obj</name>
      </input_file>
      <input_file id="fl-61">
         <path>C:\ti\ccs1010\ccs\tools\compiler\ti-cgt-msp430_20.2.1.LTS\lib\</path>
         <kind>archive</kind>
         <file>rts430x_lc_rd_eabi.lib</file>
         <name>mult32_f5hw.asm.obj</name>
      </input_file>
      <input_file id="fl-62">
         <path>C:\ti\ccs1010\ccs\tools\compiler\ti-cgt-msp430_20.2.1.LTS\lib\</path>
         <kind>archive</kind>
         <file>rts430x_lc_rd_eabi.lib</file>
         <name>mult3264_f5hw.asm.obj</name>
      </input_file>
      <input_file id="fl-63">
         <path>C:\ti\ccs1010\ccs\tools\compiler\ti-cgt-msp430_20.2.1.LTS\lib\</path>
         <kind>archive</kind>
         <file>rts430x_lc_rd_eabi.lib</file>
         <name>mult64_f5hw.asm.obj</name>
      </input_file>
      <input_file id="fl-64">
         <path>C:\ti\ccs1010\ccs\tools\compiler\ti-cgt-msp430_20.2.1.LTS\lib\</path>
         <kind>archive</kind>
         <file>rts430x_lc_rd_eabi.lib</file>
         <name>boot.c.obj</name>
      </input_file>
      <input_file id="fl-65">
         <path>C:\ti\ccs1010\ccs\tools\compiler\ti-cgt-msp430_20.2.1.LTS\lib\</path>
         <kind>archive</kind>
         <file>rts430x_lc_rd_eabi.lib</file>
         <name>autoinit.c.obj</name>
      </input_file>
      <input_file id="fl-66">
         <path>C:\ti\ccs1010\ccs\tools\compiler\ti-cgt-msp430_20.2.1.LTS\lib\</path>
         <kind>archive</kind>
         <file>rts430x_lc_rd_eabi.lib</file>
         <name>copy_zero_init.c.obj</name>
      </input_file>
      <input_file id="fl-67">
         <path>C:\ti\ccs1010\ccs\tools\compiler\ti-cgt-msp430_20.2.1.LTS\lib\</path>
         <kind>archive</kind>
         <file>rts430x_lc_rd_eabi.lib</file>
         <name>cpy_tbl.c.obj</name>
      </input_file>
      <input_file id="fl-68">
         <path>C:\ti\ccs1010\ccs\tools\compiler\ti-cgt-msp430_20.2.1.LTS\lib\</path>
         <kind>archive</kind>
         <file>rts430x_lc_rd_eabi.lib</file>
         <name>mpu_init.c.obj</name>
      </input_file>
      <input_file id="fl-69">
         <path>C:\ti\ccs1010\ccs\tools\compiler\ti-cgt-msp430_20.2.1.LTS\lib\</path>
         <kind>archive</kind>
         <file>rts430x_lc_rd_eabi.lib</file>
         <name>lsr64.c.obj</name>
      </input_file>
      <input_file id="fl-6a">
         <path>C:\ti\ccs1010\ccs\tools\compiler\ti-cgt-msp430_20.2.1.LTS\lib\</path>
         <kind>archive</kind>
         <file>rts430x_lc_rd_eabi.lib</file>
         <name>pre_init.c.obj</name>
      </input_file>
      <input_file id="fl-6b">
         <path>C:\ti\ccs1010\ccs\tools\compiler\ti-cgt-msp430_20.2.1.LTS\lib\</path>
         <kind>archive</kind>
         <file>rts430x_lc_rd_eabi.lib</file>
         <name>startup.c.obj</name>
      </input_file>
      <input_file id="fl-6c">
         <path>C:\ti\ccs1010\ccs\tools\compiler\ti-cgt-msp430_20.2.1.LTS\lib\</path>
         <kind>archive</kind>
         <file>rts430x_lc_rd_eabi.lib</file>
         <name>copy_decompress_none.c.obj</name>
      </input_file>
      <input_file id="fl-6d">
         <path>C:\ti\ccs1010\ccs\tools\compiler\ti-cgt-msp430_20.2.1.LTS\lib\</path>
         <kind>archive</kind>
         <file>rts430x_lc_rd_eabi.lib</file>
         <name>copy_decompress_lzss.c.obj</name>
      </input_file>
      <input_file id="fl-6e">
         <path>C:\ti\ccs1010\ccs\tools\compiler\ti-cgt-msp430_20.2.1.LTS\lib\</path>
         <kind>archive</kind>
         <file>rts430x_lc_rd_eabi.lib</file>
         <name>addd.c.obj</name>
      </input_file>
      <input_file id="fl-6f">
         <path>C:\ti\ccs1010\ccs\tools\compiler\ti-cgt-msp430_20.2.1.LTS\lib\</path>
         <kind>archive</kind>
         <file>rts430x_lc_rd_eabi.lib</file>
         <name>cmpd.c.obj</name>
      </input_file>
      <input_file id="fl-70">
         <path>C:\ti\ccs1010\ccs\tools\compiler\ti-cgt-msp430_20.2.1.LTS\lib\</path>
         <kind>archive</kind>
         <file>rts430x_lc_rd_eabi.lib</file>
         <name>cvtfd.c.obj</name>
      </input_file>
      <input_file id="fl-71">
         <path>C:\ti\ccs1010\ccs\tools\compiler\ti-cgt-msp430_20.2.1.LTS\lib\</path>
         <kind>archive</kind>
         <file>rts430x_lc_rd_eabi.lib</file>
         <name>divd.c.obj</name>
      </input_file>
      <input_file id="fl-72">
         <path>C:\ti\ccs1010\ccs\tools\compiler\ti-cgt-msp430_20.2.1.LTS\lib\</path>
         <kind>archive</kind>
         <file>rts430x_lc_rd_eabi.lib</file>
         <name>fixdu.c.obj</name>
      </input_file>
      <input_file id="fl-73">
         <path>C:\ti\ccs1010\ccs\tools\compiler\ti-cgt-msp430_20.2.1.LTS\lib\</path>
         <kind>archive</kind>
         <file>rts430x_lc_rd_eabi.lib</file>
         <name>fixdul.c.obj</name>
      </input_file>
      <input_file id="fl-74">
         <path>C:\ti\ccs1010\ccs\tools\compiler\ti-cgt-msp430_20.2.1.LTS\lib\</path>
         <kind>archive</kind>
         <file>rts430x_lc_rd_eabi.lib</file>
         <name>fltlid.c.obj</name>
      </input_file>
      <input_file id="fl-75">
         <path>C:\ti\ccs1010\ccs\tools\compiler\ti-cgt-msp430_20.2.1.LTS\lib\</path>
         <kind>archive</kind>
         <file>rts430x_lc_rd_eabi.lib</file>
         <name>frcaddd.c.obj</name>
      </input_file>
      <input_file id="fl-76">
         <path>C:\ti\ccs1010\ccs\tools\compiler\ti-cgt-msp430_20.2.1.LTS\lib\</path>
         <kind>archive</kind>
         <file>rts430x_lc_rd_eabi.lib</file>
         <name>frcdivd.c.obj</name>
      </input_file>
      <input_file id="fl-77">
         <path>C:\ti\ccs1010\ccs\tools\compiler\ti-cgt-msp430_20.2.1.LTS\lib\</path>
         <kind>archive</kind>
         <file>rts430x_lc_rd_eabi.lib</file>
         <name>mpyd.c.obj</name>
      </input_file>
      <input_file id="fl-78">
         <path>C:\ti\ccs1010\ccs\tools\compiler\ti-cgt-msp430_20.2.1.LTS\lib\</path>
         <kind>archive</kind>
         <file>rts430x_lc_rd_eabi.lib</file>
         <name>negd.c.obj</name>
      </input_file>
      <input_file id="fl-79">
         <path>C:\ti\ccs1010\ccs\tools\compiler\ti-cgt-msp430_20.2.1.LTS\lib\</path>
         <kind>archive</kind>
         <file>rts430x_lc_rd_eabi.lib</file>
         <name>renormd.c.obj</name>
      </input_file>
      <input_file id="fl-7a">
         <path>C:\ti\ccs1010\ccs\tools\compiler\ti-cgt-msp430_20.2.1.LTS\lib\</path>
         <kind>archive</kind>
         <file>rts430x_lc_rd_eabi.lib</file>
         <name>subd.c.obj</name>
      </input_file>
      <input_file id="fl-7b">
         <path>C:\ti\ccs1010\ccs\tools\compiler\ti-cgt-msp430_20.2.1.LTS\lib\</path>
         <kind>archive</kind>
         <file>rts430x_lc_rd_eabi.lib</file>
         <name>cvtdf.c.obj</name>
      </input_file>
      <input_file id="fl-7c">
         <path>C:\ti\ccs1010\ccs\tools\compiler\ti-cgt-msp430_20.2.1.LTS\lib\</path>
         <kind>archive</kind>
         <file>rts430x_lc_rd_eabi.lib</file>
         <name>exit.c.obj</name>
      </input_file>
      <input_file id="fl-7d">
         <path>C:\ti\ccs1010\ccs\tools\compiler\ti-cgt-msp430_20.2.1.LTS\lib\</path>
         <kind>archive</kind>
         <file>rts430x_lc_rd_eabi.lib</file>
         <name>_lock.c.obj</name>
      </input_file>
      <input_file id="fl-7e">
         <path>C:\ti\ccs1010\ccs\tools\compiler\ti-cgt-msp430_20.2.1.LTS\lib\</path>
         <kind>archive</kind>
         <file>rts430x_lc_rd_eabi.lib</file>
         <name>args_main.c.obj</name>
      </input_file>
      <input_file id="fl-7f">
         <path>C:\ti\ccs1010\ccs\tools\compiler\ti-cgt-msp430_20.2.1.LTS\lib\</path>
         <kind>archive</kind>
         <file>rts430x_lc_rd_eabi.lib</file>
         <name>memcpy.c.obj</name>
      </input_file>
      <input_file id="fl-80">
         <path>C:\ti\ccs1010\ccs\tools\compiler\ti-cgt-msp430_20.2.1.LTS\lib\</path>
         <kind>archive</kind>
         <file>rts430x_lc_rd_eabi.lib</file>
         <name>memset.c.obj</name>
      </input_file>
      <input_file id="fl-81">
         <path>C:\ti\ccs1010\ccs\tools\compiler\ti-cgt-msp430_20.2.1.LTS\lib\</path>
         <kind>archive</kind>
         <file>rts430x_lc_rd_eabi.lib</file>
         <name>abs.c.obj</name>
      </input_file>
      <input_file id="fl-82">
         <path>C:\ti\ccs1010\ccs\tools\compiler\ti-cgt-msp430_20.2.1.LTS\lib\</path>
         <kind>archive</kind>
         <file>rts430x_lc_rd_eabi.lib</file>
         <name>errno.c.obj</name>
      </input_file>
      <input_file id="fl-83">
         <path>C:\ti\ccs1010\ccs\tools\compiler\ti-cgt-msp430_20.2.1.LTS\lib\</path>
         <kind>archive</kind>
         <file>rts430x_lc_rd_eabi.lib</file>
         <name>_printfi.c.obj</name>
      </input_file>
      <input_file id="fl-84">
         <path>C:\ti\ccs1010\ccs\tools\compiler\ti-cgt-msp430_20.2.1.LTS\lib\</path>
         <kind>archive</kind>
         <file>rts430x_lc_rd_eabi.lib</file>
         <name>wcslen.c.obj</name>
      </input_file>
      <input_file id="fl-85">
         <path>C:\ti\ccs1010\ccs\tools\compiler\ti-cgt-msp430_20.2.1.LTS\lib\</path>
         <kind>archive</kind>
         <file>rts430x_lc_rd_eabi.lib</file>
         <name>div16u.asm.obj</name>
      </input_file>
      <input_file id="fl-86">
         <path>C:\ti\ccs1010\ccs\tools\compiler\ti-cgt-msp430_20.2.1.LTS\lib\</path>
         <kind>archive</kind>
         <file>rts430x_lc_rd_eabi.lib</file>
         <name>exit_gvars.c.obj</name>
      </input_file>
      <input_file id="fl-87">
         <path>C:\ti\ccs1010\ccs\tools\compiler\ti-cgt-msp430_20.2.1.LTS\lib\</path>
         <kind>archive</kind>
         <file>rts430x_lc_rd_eabi.lib</file>
         <name>div64u.c.obj</name>
      </input_file>
      <input_file id="fl-88">
         <path>C:\ti\ccs1010\ccs\tools\compiler\ti-cgt-msp430_20.2.1.LTS\lib\</path>
         <kind>archive</kind>
         <file>rts430x_lc_rd_eabi.lib</file>
         <name>fixdi.c.obj</name>
      </input_file>
      <input_file id="fl-89">
         <path>C:\ti\ccs1010\ccs\tools\compiler\ti-cgt-msp430_20.2.1.LTS\lib\</path>
         <kind>archive</kind>
         <file>rts430x_lc_rd_eabi.lib</file>
         <name>fixdli.c.obj</name>
      </input_file>
      <input_file id="fl-8a">
         <path>C:\ti\ccs1010\ccs\tools\compiler\ti-cgt-msp430_20.2.1.LTS\lib\</path>
         <kind>archive</kind>
         <file>rts430x_lc_rd_eabi.lib</file>
         <name>fltid.c.obj</name>
      </input_file>
      <input_file id="fl-8b">
         <path>C:\ti\ccs1010\ccs\tools\compiler\ti-cgt-msp430_20.2.1.LTS\lib\</path>
         <kind>archive</kind>
         <file>rts430x_lc_rd_eabi.lib</file>
         <name>frcmpyd.c.obj</name>
      </input_file>
      <input_file id="fl-8c">
         <path>C:\ti\ccs1010\ccs\tools\compiler\ti-cgt-msp430_20.2.1.LTS\lib\</path>
         <kind>archive</kind>
         <file>rts430x_lc_rd_eabi.lib</file>
         <name>_ltoa.c.obj</name>
      </input_file>
      <input_file id="fl-8d">
         <path>C:\ti\ccs1010\ccs\tools\compiler\ti-cgt-msp430_20.2.1.LTS\lib\</path>
         <kind>archive</kind>
         <file>rts430x_lc_rd_eabi.lib</file>
         <name>atoi.c.obj</name>
      </input_file>
      <input_file id="fl-8e">
         <path>C:\ti\ccs1010\ccs\tools\compiler\ti-cgt-msp430_20.2.1.LTS\lib\</path>
         <kind>archive</kind>
         <file>rts430x_lc_rd_eabi.lib</file>
         <name>ctype.c.obj</name>
      </input_file>
      <input_file id="fl-8f">
         <path>C:\ti\ccs1010\ccs\tools\compiler\ti-cgt-msp430_20.2.1.LTS\lib\</path>
         <kind>archive</kind>
         <file>rts430x_lc_rd_eabi.lib</file>
         <name>memccpy.c.obj</name>
      </input_file>
      <input_file id="fl-90">
         <path>C:\ti\ccs1010\ccs\tools\compiler\ti-cgt-msp430_20.2.1.LTS\lib\</path>
         <kind>archive</kind>
         <file>rts430x_lc_rd_eabi.lib</file>
         <name>strchr.c.obj</name>
      </input_file>
      <input_file id="fl-91">
         <path>C:\ti\ccs1010\ccs\tools\compiler\ti-cgt-msp430_20.2.1.LTS\lib\</path>
         <kind>archive</kind>
         <file>rts430x_lc_rd_eabi.lib</file>
         <name>strlen.c.obj</name>
      </input_file>
      <input_file id="fl-92">
         <path>C:\ti\ccs1010\ccs\tools\compiler\ti-cgt-msp430_20.2.1.LTS\lib\</path>
         <kind>archive</kind>
         <file>rts430x_lc_rd_eabi.lib</file>
         <name>toupper.c.obj</name>
      </input_file>
      <input_file id="fl-93">
         <path>C:\ti\ccs1010\ccs\tools\compiler\ti-cgt-msp430_20.2.1.LTS\lib\</path>
         <kind>archive</kind>
         <file>rts430x_lc_rd_eabi.lib</file>
         <name>s_frexp.c.obj</name>
      </input_file>
      <input_file id="fl-94">
         <path>C:\ti\ccs1010\ccs\tools\compiler\ti-cgt-msp430_20.2.1.LTS\lib\</path>
         <kind>archive</kind>
         <file>rts430x_lc_rd_eabi.lib</file>
         <name>div32s.asm.obj</name>
      </input_file>
      <input_file id="fl-95">
         <path>C:\ti\ccs1010\ccs\tools\compiler\ti-cgt-msp430_20.2.1.LTS\lib\</path>
         <kind>archive</kind>
         <file>rts430x_lc_rd_eabi.lib</file>
         <name>lsl64.c.obj</name>
      </input_file>
   </input_file_list>
   <object_component_list>
      <object_component id="oc-462">
         <name>.bss</name>
         <uninitialized>true</uninitialized>
         <run_address>0x2400</run_address>
         <size>0x8</size>
         <input_file_ref idref="fl-5"/>
      </object_component>
      <object_component id="oc-45c">
         <name>.bss</name>
         <uninitialized>true</uninitialized>
         <run_address>0x2408</run_address>
         <size>0x8</size>
         <input_file_ref idref="fl-7"/>
      </object_component>
      <object_component id="oc-456">
         <name>.bss</name>
         <uninitialized>true</uninitialized>
         <run_address>0x2410</run_address>
         <size>0x8</size>
         <input_file_ref idref="fl-a"/>
      </object_component>
      <object_component id="oc-45f">
         <name>.data</name>
         <load_address>0x2426</load_address>
         <run_address>0x2426</run_address>
         <size>0x2</size>
         <input_file_ref idref="fl-5"/>
      </object_component>
      <object_component id="oc-459">
         <name>.data</name>
         <load_address>0x2428</load_address>
         <run_address>0x2428</run_address>
         <size>0x2</size>
         <input_file_ref idref="fl-7"/>
      </object_component>
      <object_component id="oc-453">
         <name>.data</name>
         <load_address>0x242b</load_address>
         <run_address>0x242b</run_address>
         <size>0x1</size>
         <input_file_ref idref="fl-a"/>
      </object_component>
      <object_component id="oc-50d">
         <name>.data</name>
         <load_address>0x2418</load_address>
         <run_address>0x2418</run_address>
         <size>0xc</size>
         <input_file_ref idref="fl-c"/>
      </object_component>
      <object_component id="oc-504">
         <name>.data</name>
         <load_address>0x242a</load_address>
         <run_address>0x242a</run_address>
         <size>0x1</size>
         <input_file_ref idref="fl-17"/>
      </object_component>
      <object_component id="oc-6cd">
         <name>.data</name>
         <load_address>0x2424</load_address>
         <run_address>0x2424</run_address>
         <size>0x2</size>
         <input_file_ref idref="fl-82"/>
      </object_component>
      <object_component id="oc-36b">
         <name>.stack</name>
         <uninitialized>true</uninitialized>
         <run_address>0x4360</run_address>
         <size>0x4</size>
         <input_file_ref idref="fl-64"/>
      </object_component>
      <object_component id="oc-92c">
         <name>.stack</name>
         <uninitialized>true</uninitialized>
         <run_address>0x4360</run_address>
         <size>0x0</size>
      </object_component>
      <object_component id="oc-5e8">
         <name>.text:pow</name>
         <load_address>0x10000</load_address>
         <run_address>0x10000</run_address>
         <size>0x1148</size>
         <input_file_ref idref="fl-38"/>
      </object_component>
      <object_component id="oc-480">
         <name>.text:R_C_L_detect</name>
         <load_address>0x11148</load_address>
         <run_address>0x11148</run_address>
         <size>0x49a</size>
         <input_file_ref idref="fl-17"/>
      </object_component>
      <object_component id="oc-769">
         <name>.text:__TI_frcdivd</name>
         <load_address>0x115e2</load_address>
         <run_address>0x115e2</run_address>
         <size>0x466</size>
         <input_file_ref idref="fl-76"/>
      </object_component>
      <object_component id="oc-809">
         <name>.text:__mspabi_divull</name>
         <load_address>0x11a48</load_address>
         <run_address>0x11a48</run_address>
         <size>0x34e</size>
         <input_file_ref idref="fl-87"/>
      </object_component>
      <object_component id="oc-5fd">
         <name>.text:__mspabi_addd</name>
         <load_address>0x11d96</load_address>
         <run_address>0x11d96</run_address>
         <size>0x2e0</size>
         <input_file_ref idref="fl-6e"/>
      </object_component>
      <object_component id="oc-6c1">
         <name>.text:sqrt</name>
         <load_address>0x12076</load_address>
         <run_address>0x12076</run_address>
         <size>0x2de</size>
         <input_file_ref idref="fl-39"/>
      </object_component>
      <object_component id="oc-5d9">
         <name>.text:__TI_printfi</name>
         <load_address>0x12354</load_address>
         <run_address>0x12354</run_address>
         <size>0x2a6</size>
         <input_file_ref idref="fl-83"/>
      </object_component>
      <object_component id="oc-6f2">
         <name>.text:__TI_frcmpyd</name>
         <load_address>0x125fa</load_address>
         <run_address>0x125fa</run_address>
         <size>0x280</size>
         <input_file_ref idref="fl-8b"/>
      </object_component>
      <object_component id="oc-583">
         <name>.text:ssd1351_set_gray_scale_table</name>
         <load_address>0x1287a</load_address>
         <run_address>0x1287a</run_address>
         <size>0x27c</size>
         <input_file_ref idref="fl-10"/>
      </object_component>
      <object_component id="oc-68c">
         <name>.text:_setfield</name>
         <load_address>0x12af6</load_address>
         <run_address>0x12af6</run_address>
         <size>0x27a</size>
         <input_file_ref idref="fl-83"/>
      </object_component>
      <object_component id="oc-745">
         <name>.text:_pproc_fgea</name>
         <load_address>0x12d70</load_address>
         <run_address>0x12d70</run_address>
         <size>0x268</size>
         <input_file_ref idref="fl-83"/>
      </object_component>
      <object_component id="oc-5ee">
         <name>.text:__mspabi_mpyd</name>
         <load_address>0x12fd8</load_address>
         <run_address>0x12fd8</run_address>
         <size>0x266</size>
         <input_file_ref idref="fl-77"/>
      </object_component>
      <object_component id="oc-703">
         <name>.text:__TI_frcaddd</name>
         <load_address>0x1323e</load_address>
         <run_address>0x1323e</run_address>
         <size>0x248</size>
         <input_file_ref idref="fl-75"/>
      </object_component>
      <object_component id="oc-84e">
         <name>.text:acvt</name>
         <load_address>0x13486</load_address>
         <run_address>0x13486</run_address>
         <size>0x224</size>
         <input_file_ref idref="fl-83"/>
      </object_component>
      <object_component id="oc-6bb">
         <name>.text:__mspabi_divd</name>
         <load_address>0x136aa</load_address>
         <run_address>0x136aa</run_address>
         <size>0x222</size>
         <input_file_ref idref="fl-71"/>
      </object_component>
      <object_component id="oc-7b6">
         <name>.text:_getarg_diouxp</name>
         <load_address>0x138cc</load_address>
         <run_address>0x138cc</run_address>
         <size>0x20c</size>
         <input_file_ref idref="fl-83"/>
      </object_component>
      <object_component id="oc-5aa">
         <name>.text:ADS1118</name>
         <load_address>0x13ad8</load_address>
         <run_address>0x13ad8</run_address>
         <size>0x1e8</size>
         <input_file_ref idref="fl-c"/>
      </object_component>
      <object_component id="oc-827">
         <name>.text:ecvt</name>
         <load_address>0x13cc0</load_address>
         <run_address>0x13cc0</run_address>
         <size>0x1e6</size>
         <input_file_ref idref="fl-83"/>
      </object_component>
      <object_component id="oc-4e2">
         <name>.text:ssd1351_init</name>
         <load_address>0x13ea6</load_address>
         <run_address>0x13ea6</run_address>
         <size>0x1cc</size>
         <input_file_ref idref="fl-10"/>
      </object_component>
      <object_component id="oc-83a">
         <name>.text:fcvt</name>
         <load_address>0x14072</load_address>
         <run_address>0x14072</run_address>
         <size>0x1c8</size>
         <input_file_ref idref="fl-83"/>
      </object_component>
      <object_component id="oc-7da">
         <name>.text:_pconv_e</name>
         <load_address>0x1423a</load_address>
         <run_address>0x1423a</run_address>
         <size>0x1a2</size>
         <input_file_ref idref="fl-83"/>
      </object_component>
      <object_component id="oc-7e0">
         <name>.text:_pconv_a</name>
         <load_address>0x143dc</load_address>
         <run_address>0x143dc</run_address>
         <size>0x170</size>
         <input_file_ref idref="fl-83"/>
      </object_component>
      <object_component id="oc-6e5">
         <name>.text:scalbn</name>
         <load_address>0x1454c</load_address>
         <run_address>0x1454c</run_address>
         <size>0x15a</size>
         <input_file_ref idref="fl-3a"/>
      </object_component>
      <object_component id="oc-73f">
         <name>.text:_pproc_diouxp</name>
         <load_address>0x146a6</load_address>
         <run_address>0x146a6</run_address>
         <size>0x148</size>
         <input_file_ref idref="fl-83"/>
      </object_component>
      <object_component id="oc-534">
         <name>.text:display_l</name>
         <load_address>0x147ee</load_address>
         <run_address>0x147ee</run_address>
         <size>0x132</size>
         <input_file_ref idref="fl-c"/>
      </object_component>
      <object_component id="oc-52e">
         <name>.text:display_res</name>
         <load_address>0x14920</load_address>
         <run_address>0x14920</run_address>
         <size>0x132</size>
         <input_file_ref idref="fl-c"/>
      </object_component>
      <object_component id="oc-5b0">
         <name>.text</name>
         <load_address>0x14a52</load_address>
         <run_address>0x14a52</run_address>
         <size>0x132</size>
         <input_file_ref idref="fl-40"/>
      </object_component>
      <object_component id="oc-7bc">
         <name>.text:_ltostr</name>
         <load_address>0x14b84</load_address>
         <run_address>0x14b84</run_address>
         <size>0x128</size>
         <input_file_ref idref="fl-83"/>
      </object_component>
      <object_component id="oc-597">
         <name>.text:ssd1351_display_char</name>
         <load_address>0x14cac</load_address>
         <run_address>0x14cac</run_address>
         <size>0x128</size>
         <input_file_ref idref="fl-10"/>
      </object_component>
      <object_component id="oc-7ce">
         <name>.text:_pconv_g</name>
         <load_address>0x14dd4</load_address>
         <run_address>0x14dd4</run_address>
         <size>0xfc</size>
         <input_file_ref idref="fl-83"/>
      </object_component>
      <object_component id="oc-686">
         <name>.text:_pproc_fwp</name>
         <load_address>0x14ed0</load_address>
         <run_address>0x14ed0</run_address>
         <size>0xea</size>
         <input_file_ref idref="fl-83"/>
      </object_component>
      <object_component id="oc-51d">
         <name>.text:__mspabi_cmpd</name>
         <load_address>0x14fba</load_address>
         <run_address>0x14fba</run_address>
         <size>0xd8</size>
         <input_file_ref idref="fl-6f"/>
      </object_component>
      <object_component id="oc-528">
         <name>.text:display_cap</name>
         <load_address>0x15092</load_address>
         <run_address>0x15092</run_address>
         <size>0xd8</size>
         <input_file_ref idref="fl-c"/>
      </object_component>
      <object_component id="oc-698">
         <name>.text:_pproc_wstr</name>
         <load_address>0x1516a</load_address>
         <run_address>0x1516a</run_address>
         <size>0xc8</size>
         <input_file_ref idref="fl-83"/>
      </object_component>
      <object_component id="oc-674">
         <name>.text</name>
         <load_address>0x15232</load_address>
         <run_address>0x15232</run_address>
         <size>0xb8</size>
         <input_file_ref idref="fl-44"/>
      </object_component>
      <object_component id="oc-507">
         <name>.text:average_voltage_caculate</name>
         <load_address>0x152ea</load_address>
         <run_address>0x152ea</run_address>
         <size>0xb6</size>
         <input_file_ref idref="fl-c"/>
      </object_component>
      <object_component id="oc-7a4">
         <name>.text:__TI_renormd</name>
         <load_address>0x153a0</load_address>
         <run_address>0x153a0</run_address>
         <size>0xb2</size>
         <input_file_ref idref="fl-79"/>
      </object_component>
      <object_component id="oc-692">
         <name>.text:_pproc_str</name>
         <load_address>0x15452</load_address>
         <run_address>0x15452</run_address>
         <size>0xa6</size>
         <input_file_ref idref="fl-83"/>
      </object_component>
      <object_component id="oc-848">
         <name>.text:frexp</name>
         <load_address>0x154f8</load_address>
         <run_address>0x154f8</run_address>
         <size>0xa6</size>
         <input_file_ref idref="fl-93"/>
      </object_component>
      <object_component id="oc-6d9">
         <name>.text:__mspabi_fltlid</name>
         <load_address>0x1559e</load_address>
         <run_address>0x1559e</run_address>
         <size>0x9e</size>
         <input_file_ref idref="fl-74"/>
      </object_component>
      <object_component id="oc-4ef">
         <name>.text:dislay_myname</name>
         <load_address>0x1563c</load_address>
         <run_address>0x1563c</run_address>
         <size>0x98</size>
         <input_file_ref idref="fl-10"/>
      </object_component>
      <object_component id="oc-82d">
         <name>.text:_ecpy</name>
         <load_address>0x156d4</load_address>
         <run_address>0x156d4</run_address>
         <size>0x90</size>
         <input_file_ref idref="fl-83"/>
      </object_component>
      <object_component id="oc-833">
         <name>.text:_mcpy</name>
         <load_address>0x15764</load_address>
         <run_address>0x15764</run_address>
         <size>0x90</size>
         <input_file_ref idref="fl-83"/>
      </object_component>
      <object_component id="oc-5ba">
         <name>.text</name>
         <load_address>0x157f4</load_address>
         <run_address>0x157f4</run_address>
         <size>0x90</size>
         <input_file_ref idref="fl-42"/>
      </object_component>
      <object_component id="oc-5f4">
         <name>.text:__mspabi_cvtdf</name>
         <load_address>0x15884</load_address>
         <run_address>0x15884</run_address>
         <size>0x8c</size>
         <input_file_ref idref="fl-7b"/>
      </object_component>
      <object_component id="oc-4f6">
         <name>.text:ssd1351_display_string</name>
         <load_address>0x15910</load_address>
         <run_address>0x15910</run_address>
         <size>0x8a</size>
         <input_file_ref idref="fl-10"/>
      </object_component>
      <object_component id="oc-87c">
         <name>.text:__TI_ltoa</name>
         <load_address>0x1599a</load_address>
         <run_address>0x1599a</run_address>
         <size>0x80</size>
         <input_file_ref idref="fl-8c"/>
      </object_component>
      <object_component id="oc-7d4">
         <name>.text:_pconv_f</name>
         <load_address>0x15a1a</load_address>
         <run_address>0x15a1a</run_address>
         <size>0x78</size>
         <input_file_ref idref="fl-83"/>
      </object_component>
      <object_component id="oc-589">
         <name>.text:ssd1351_clear_gram</name>
         <load_address>0x15a92</load_address>
         <run_address>0x15a92</run_address>
         <size>0x78</size>
         <input_file_ref idref="fl-10"/>
      </object_component>
      <object_component id="oc-6d">
         <name>.text:decompress:lzss:__TI_decompress_lzss</name>
         <load_address>0x15b0a</load_address>
         <run_address>0x15b0a</run_address>
         <size>0x76</size>
         <input_file_ref idref="fl-6d"/>
      </object_component>
      <object_component id="oc-591">
         <name>.text:Display_Chinese</name>
         <load_address>0x15b80</load_address>
         <run_address>0x15b80</run_address>
         <size>0x70</size>
         <input_file_ref idref="fl-10"/>
      </object_component>
      <object_component id="oc-646">
         <name>.text:ssd1351_draw_point</name>
         <load_address>0x15bf0</load_address>
         <run_address>0x15bf0</run_address>
         <size>0x6c</size>
         <input_file_ref idref="fl-10"/>
      </object_component>
      <object_component id="oc-876">
         <name>.text:__mspabi_fixdli</name>
         <load_address>0x15c5c</load_address>
         <run_address>0x15c5c</run_address>
         <size>0x66</size>
         <input_file_ref idref="fl-89"/>
      </object_component>
      <object_component id="oc-510">
         <name>.text:__mspabi_cvtfd</name>
         <load_address>0x15cc2</load_address>
         <run_address>0x15cc2</run_address>
         <size>0x64</size>
         <input_file_ref idref="fl-70"/>
      </object_component>
      <object_component id="oc-737">
         <name>.text:atoi</name>
         <load_address>0x15d26</load_address>
         <run_address>0x15d26</run_address>
         <size>0x62</size>
         <input_file_ref idref="fl-8d"/>
      </object_component>
      <object_component id="oc-4d5">
         <name>.text:ucs_init</name>
         <load_address>0x15d88</load_address>
         <run_address>0x15d88</run_address>
         <size>0x60</size>
         <input_file_ref idref="fl-4"/>
      </object_component>
      <object_component id="oc-80f">
         <name>.text</name>
         <load_address>0x15de8</load_address>
         <run_address>0x15de8</run_address>
         <size>0x58</size>
         <input_file_ref idref="fl-3f"/>
      </object_component>
      <object_component id="oc-4ab">
         <name>.text:__TI_auto_init_nobinit_nopinit_hold_wdt:__TI_auto_init_nobinit_nopinit_hold_wdt</name>
         <load_address>0x15e40</load_address>
         <run_address>0x15e40</run_address>
         <size>0x54</size>
         <input_file_ref idref="fl-65"/>
      </object_component>
      <object_component id="oc-840">
         <name>.text:_fcpy</name>
         <load_address>0x15e94</load_address>
         <run_address>0x15e94</run_address>
         <size>0x4e</size>
         <input_file_ref idref="fl-83"/>
      </object_component>
      <object_component id="oc-575">
         <name>.text:set_vcore_up</name>
         <load_address>0x15ee2</load_address>
         <run_address>0x15ee2</run_address>
         <size>0x4e</size>
         <input_file_ref idref="fl-4"/>
      </object_component>
      <object_component id="oc-523">
         <name>.text</name>
         <load_address>0x15f30</load_address>
         <run_address>0x15f30</run_address>
         <size>0x4a</size>
         <input_file_ref idref="fl-41"/>
      </object_component>
      <object_component id="oc-517">
         <name>.text:sprintf</name>
         <load_address>0x15f7a</load_address>
         <run_address>0x15f7a</run_address>
         <size>0x44</size>
         <input_file_ref idref="fl-3b"/>
      </object_component>
      <object_component id="oc-669">
         <name>.text:ADS_Read</name>
         <load_address>0x15fbe</load_address>
         <run_address>0x15fbe</run_address>
         <size>0x40</size>
         <input_file_ref idref="fl-c"/>
      </object_component>
      <object_component id="oc-8a6">
         <name>.text</name>
         <load_address>0x15ffe</load_address>
         <run_address>0x15ffe</run_address>
         <size>0x40</size>
         <input_file_ref idref="fl-94"/>
      </object_component>
      <object_component id="oc-5c2">
         <name>.text:l_asr_const</name>
         <load_address>0x1603e</load_address>
         <run_address>0x1603e</run_address>
         <size>0x3e</size>
         <input_file_ref idref="fl-3e"/>
      </object_component>
      <object_component id="oc-6fa">
         <name>.text:l_lsl_const</name>
         <load_address>0x1607c</load_address>
         <run_address>0x1607c</run_address>
         <size>0x3e</size>
         <input_file_ref idref="fl-5a"/>
      </object_component>
      <object_component id="oc-771">
         <name>.text:l_lsr_const</name>
         <load_address>0x160ba</load_address>
         <run_address>0x160ba</run_address>
         <size>0x3e</size>
         <input_file_ref idref="fl-5c"/>
      </object_component>
      <object_component id="oc-474">
         <name>.text:user_init</name>
         <load_address>0x160f8</load_address>
         <run_address>0x160f8</run_address>
         <size>0x3e</size>
         <input_file_ref idref="fl-16"/>
      </object_component>
      <object_component id="oc-864">
         <name>.text:__mspabi_sllll</name>
         <load_address>0x16136</load_address>
         <run_address>0x16136</run_address>
         <size>0x3a</size>
         <input_file_ref idref="fl-95"/>
      </object_component>
      <object_component id="oc-819">
         <name>.text:__mspabi_srlll</name>
         <load_address>0x16170</load_address>
         <run_address>0x16170</run_address>
         <size>0x3a</size>
         <input_file_ref idref="fl-69"/>
      </object_component>
      <object_component id="oc-63a">
         <name>.text:usci_a0_spi_transmit_frame</name>
         <load_address>0x161aa</load_address>
         <run_address>0x161aa</run_address>
         <size>0x38</size>
         <input_file_ref idref="fl-5"/>
      </object_component>
      <object_component id="oc-72b">
         <name>.text:WriteSPI</name>
         <load_address>0x161e2</load_address>
         <run_address>0x161e2</run_address>
         <size>0x36</size>
         <input_file_ref idref="fl-c"/>
      </object_component>
      <object_component id="oc-5b5">
         <name>.text</name>
         <load_address>0x16218</load_address>
         <run_address>0x16218</run_address>
         <size>0x36</size>
         <input_file_ref idref="fl-43"/>
      </object_component>
      <object_component id="oc-4db">
         <name>.text:usci_a0_spi_init</name>
         <load_address>0x1624e</load_address>
         <run_address>0x1624e</run_address>
         <size>0x34</size>
         <input_file_ref idref="fl-5"/>
      </object_component>
      <object_component id="oc-6d3">
         <name>.text:__mspabi_subd</name>
         <load_address>0x16282</load_address>
         <run_address>0x16282</run_address>
         <size>0x32</size>
         <input_file_ref idref="fl-7a"/>
      </object_component>
      <object_component id="oc-57d">
         <name>.text:ssd1351_write_byte</name>
         <load_address>0x162b4</load_address>
         <run_address>0x162b4</run_address>
         <size>0x30</size>
         <input_file_ref idref="fl-10"/>
      </object_component>
      <object_component id="oc-408">
         <name>.text:usci_b0_i2c_rx_isr_handle</name>
         <load_address>0x162e4</load_address>
         <run_address>0x162e4</run_address>
         <size>0x30</size>
         <input_file_ref idref="fl-7"/>
      </object_component>
      <object_component id="oc-6c7">
         <name>.text:__mspabi_negd</name>
         <load_address>0x16314</load_address>
         <run_address>0x16314</run_address>
         <size>0x2e</size>
         <input_file_ref idref="fl-78"/>
      </object_component>
      <object_component id="oc-784">
         <name>.text:copysign</name>
         <load_address>0x16342</load_address>
         <run_address>0x16342</run_address>
         <size>0x2e</size>
         <input_file_ref idref="fl-3c"/>
      </object_component>
      <object_component id="oc-417">
         <name>.text:usci_a0_spi_rx_isr_handle</name>
         <load_address>0x16370</load_address>
         <run_address>0x16370</run_address>
         <size>0x2a</size>
         <input_file_ref idref="fl-5"/>
      </object_component>
      <object_component id="oc-882">
         <name>.text:__mspabi_fixdi</name>
         <load_address>0x1639a</load_address>
         <run_address>0x1639a</run_address>
         <size>0x28</size>
         <input_file_ref idref="fl-88"/>
      </object_component>
      <object_component id="oc-42e">
         <name>.text:main</name>
         <load_address>0x163c2</load_address>
         <run_address>0x163c2</run_address>
         <size>0x28</size>
         <input_file_ref idref="fl-11"/>
      </object_component>
      <object_component id="oc-401">
         <name>.text:usci_b0_i2c_tx_isr_handle</name>
         <load_address>0x163ea</load_address>
         <run_address>0x163ea</run_address>
         <size>0x28</size>
         <input_file_ref idref="fl-7"/>
      </object_component>
      <object_component id="oc-74b">
         <name>.text:memccpy</name>
         <load_address>0x16412</load_address>
         <run_address>0x16412</run_address>
         <size>0x26</size>
         <input_file_ref idref="fl-8f"/>
      </object_component>
      <object_component id="oc-3a4">
         <name>.text:decompress:ZI:__TI_zero_init_nomemset:__TI_zero_init_nomemset</name>
         <load_address>0x16438</load_address>
         <run_address>0x16438</run_address>
         <size>0x24</size>
         <input_file_ref idref="fl-66"/>
      </object_component>
      <object_component id="oc-66f">
         <name>.text</name>
         <load_address>0x1645c</load_address>
         <run_address>0x1645c</run_address>
         <size>0x24</size>
         <input_file_ref idref="fl-45"/>
      </object_component>
      <object_component id="oc-798">
         <name>.text</name>
         <load_address>0x16480</load_address>
         <run_address>0x16480</run_address>
         <size>0x24</size>
         <input_file_ref idref="fl-61"/>
      </object_component>
      <object_component id="oc-410">
         <name>.text:usci_a0_spi_tx_isr_handle</name>
         <load_address>0x164a4</load_address>
         <run_address>0x164a4</run_address>
         <size>0x24</size>
         <input_file_ref idref="fl-5"/>
      </object_component>
      <object_component id="oc-3f2">
         <name>.text:usci_b1_spi_tx_isr_handle</name>
         <load_address>0x164c8</load_address>
         <run_address>0x164c8</run_address>
         <size>0x22</size>
         <input_file_ref idref="fl-a"/>
      </object_component>
      <object_component id="oc-5cd">
         <name>.text:_outs</name>
         <load_address>0x164ea</load_address>
         <run_address>0x164ea</run_address>
         <size>0x20</size>
         <input_file_ref idref="fl-3b"/>
      </object_component>
      <object_component id="oc-47a">
         <name>.text:io_init</name>
         <load_address>0x1650a</load_address>
         <run_address>0x1650a</run_address>
         <size>0x20</size>
         <input_file_ref idref="fl-11"/>
      </object_component>
      <object_component id="oc-895">
         <name>.text:strchr</name>
         <load_address>0x1652a</load_address>
         <run_address>0x1652a</run_address>
         <size>0x1c</size>
         <input_file_ref idref="fl-90"/>
      </object_component>
      <object_component id="oc-3f9">
         <name>.text:usci_b1_spi_rx_isr_handle</name>
         <load_address>0x16546</load_address>
         <run_address>0x16546</run_address>
         <size>0x1a</size>
         <input_file_ref idref="fl-a"/>
      </object_component>
      <object_component id="oc-663">
         <name>.text:ADS1118_Config</name>
         <load_address>0x16560</load_address>
         <run_address>0x16560</run_address>
         <size>0x18</size>
         <input_file_ref idref="fl-c"/>
      </object_component>
      <object_component id="oc-62d">
         <name>.text</name>
         <load_address>0x16578</load_address>
         <run_address>0x16578</run_address>
         <size>0x18</size>
         <input_file_ref idref="fl-5e"/>
      </object_component>
      <object_component id="oc-4fe">
         <name>.text:memset</name>
         <load_address>0x16590</load_address>
         <run_address>0x16590</run_address>
         <size>0x16</size>
         <input_file_ref idref="fl-80"/>
      </object_component>
      <object_component id="oc-814">
         <name>.text</name>
         <load_address>0x165a6</load_address>
         <run_address>0x165a6</run_address>
         <size>0x16</size>
         <input_file_ref idref="fl-85"/>
      </object_component>
      <object_component id="oc-753">
         <name>.text:wcslen</name>
         <load_address>0x165bc</load_address>
         <run_address>0x165bc</run_address>
         <size>0x16</size>
         <input_file_ref idref="fl-84"/>
      </object_component>
      <object_component id="oc-5d3">
         <name>.text:_outc</name>
         <load_address>0x165d2</load_address>
         <run_address>0x165d2</run_address>
         <size>0x14</size>
         <input_file_ref idref="fl-3b"/>
      </object_component>
      <object_component id="oc-37a">
         <name>.text:memcpy</name>
         <load_address>0x165e6</load_address>
         <run_address>0x165e6</run_address>
         <size>0x14</size>
         <input_file_ref idref="fl-7f"/>
      </object_component>
      <object_component id="oc-4e8">
         <name>.text:ADS1118_Init</name>
         <load_address>0x165fa</load_address>
         <run_address>0x165fa</run_address>
         <size>0x12</size>
         <input_file_ref idref="fl-c"/>
      </object_component>
      <object_component id="oc-73">
         <name>.text:decompress:none:__TI_decompress_none</name>
         <load_address>0x1660c</load_address>
         <run_address>0x1660c</run_address>
         <size>0x12</size>
         <input_file_ref idref="fl-6c"/>
      </object_component>
      <object_component id="oc-7c8">
         <name>.text:toupper</name>
         <load_address>0x1661e</load_address>
         <run_address>0x1661e</run_address>
         <size>0x12</size>
         <input_file_ref idref="fl-92"/>
      </object_component>
      <object_component id="oc-6ac">
         <name>.text:l_asr</name>
         <load_address>0x16630</load_address>
         <run_address>0x16630</run_address>
         <size>0x10</size>
         <input_file_ref idref="fl-3e"/>
      </object_component>
      <object_component id="oc-6b1">
         <name>.text:l_lsl</name>
         <load_address>0x16640</load_address>
         <run_address>0x16640</run_address>
         <size>0x10</size>
         <input_file_ref idref="fl-5a"/>
      </object_component>
      <object_component id="oc-6b6">
         <name>.text:l_lsr</name>
         <load_address>0x16650</load_address>
         <run_address>0x16650</run_address>
         <size>0x10</size>
         <input_file_ref idref="fl-5c"/>
      </object_component>
      <object_component id="oc-680">
         <name>.text:strlen</name>
         <load_address>0x16660</load_address>
         <run_address>0x16660</run_address>
         <size>0xe</size>
         <input_file_ref idref="fl-91"/>
      </object_component>
      <object_component id="oc-89b">
         <name>.text:__mspabi_fltid</name>
         <load_address>0x1666e</load_address>
         <run_address>0x1666e</run_address>
         <size>0xc</size>
         <input_file_ref idref="fl-8a"/>
      </object_component>
      <object_component id="oc-889">
         <name>.text:abs</name>
         <load_address>0x1667a</load_address>
         <run_address>0x1667a</run_address>
         <size>0xa</size>
         <input_file_ref idref="fl-81"/>
      </object_component>
      <object_component id="oc-468">
         <name>.text:device_init</name>
         <load_address>0x16684</load_address>
         <run_address>0x16684</run_address>
         <size>0xa</size>
         <input_file_ref idref="fl-14"/>
      </object_component>
      <object_component id="oc-46e">
         <name>.text:driver_init</name>
         <load_address>0x1668e</load_address>
         <run_address>0x1668e</run_address>
         <size>0xa</size>
         <input_file_ref idref="fl-14"/>
      </object_component>
      <object_component id="oc-487">
         <name>.text:abort</name>
         <load_address>0x16698</load_address>
         <run_address>0x16698</run_address>
         <size>0x6</size>
         <input_file_ref idref="fl-7c"/>
      </object_component>
      <object_component id="oc-428">
         <name>.text:_system_pre_init</name>
         <load_address>0x1669e</load_address>
         <run_address>0x1669e</run_address>
         <size>0x4</size>
         <input_file_ref idref="fl-6a"/>
      </object_component>
      <object_component id="oc-54e">
         <name>.text:_system_post_cinit</name>
         <load_address>0x166a2</load_address>
         <run_address>0x166a2</run_address>
         <size>0x2</size>
         <input_file_ref idref="fl-6b"/>
      </object_component>
      <object_component id="oc-392">
         <name>.text:_isr:USCI_B0_ISR</name>
         <load_address>0x4400</load_address>
         <run_address>0x4400</run_address>
         <size>0x1e</size>
         <input_file_ref idref="fl-12"/>
      </object_component>
      <object_component id="oc-398">
         <name>.text:_isr:USCI_A0_ISR</name>
         <load_address>0x441e</load_address>
         <run_address>0x441e</run_address>
         <size>0x1c</size>
         <input_file_ref idref="fl-12"/>
      </object_component>
      <object_component id="oc-38c">
         <name>.text:_isr:USCI_B1_ISR</name>
         <load_address>0x443a</load_address>
         <run_address>0x443a</run_address>
         <size>0x1c</size>
         <input_file_ref idref="fl-12"/>
      </object_component>
      <object_component id="oc-3b6">
         <name>.text:_isr:_c_int00_noargs</name>
         <load_address>0x4456</load_address>
         <run_address>0x4456</run_address>
         <size>0x1c</size>
         <input_file_ref idref="fl-64"/>
      </object_component>
      <object_component id="oc-387">
         <name>.text:_isr:__TI_ISR_TRAP</name>
         <load_address>0x4472</load_address>
         <run_address>0x4472</run_address>
         <size>0x8</size>
         <input_file_ref idref="fl-58"/>
      </object_component>
      <object_component id="oc-39e">
         <name>.text:_isr:WDT_ISR</name>
         <load_address>0x447a</load_address>
         <run_address>0x447a</run_address>
         <size>0x2</size>
         <input_file_ref idref="fl-12"/>
      </object_component>
      <object_component id="oc-928">
         <name>__TI_handler_table</name>
         <load_address>0x7558</load_address>
         <run_address>0x7558</run_address>
         <size>0xc</size>
      </object_component>
      <object_component id="oc-92b">
         <name>.cinit..data.load</name>
         <load_address>0x7564</load_address>
         <run_address>0x7564</run_address>
         <size>0x9</size>
      </object_component>
      <object_component id="oc-92a">
         <name>.cinit..bss.load</name>
         <load_address>0x756e</load_address>
         <run_address>0x756e</run_address>
         <size>0x6</size>
      </object_component>
      <object_component id="oc-929">
         <name>__TI_cinit_table</name>
         <load_address>0x7574</load_address>
         <run_address>0x7574</run_address>
         <size>0x10</size>
      </object_component>
      <object_component id="oc-64d">
         <name>.const:c_chFont3216</name>
         <load_address>0x447c</load_address>
         <run_address>0x447c</run_address>
         <size>0x17c0</size>
         <input_file_ref idref="fl-13"/>
      </object_component>
      <object_component id="oc-650">
         <name>.const:c_chFont1616</name>
         <load_address>0x5c3c</load_address>
         <run_address>0x5c3c</run_address>
         <size>0xbe0</size>
         <input_file_ref idref="fl-13"/>
      </object_component>
      <object_component id="oc-653">
         <name>.const:c_chFont1608</name>
         <load_address>0x681c</load_address>
         <run_address>0x681c</run_address>
         <size>0x5f0</size>
         <input_file_ref idref="fl-13"/>
      </object_component>
      <object_component id="oc-656">
         <name>.const:c_chFont1206</name>
         <load_address>0x6e0c</load_address>
         <run_address>0x6e0c</run_address>
         <size>0x474</size>
         <input_file_ref idref="fl-13"/>
      </object_component>
      <object_component id="oc-7b1">
         <name>.const:.string:_ctypes_</name>
         <load_address>0x7280</load_address>
         <run_address>0x7280</run_address>
         <size>0x101</size>
         <input_file_ref idref="fl-8e"/>
      </object_component>
      <object_component id="oc-643">
         <name>.const:my_name</name>
         <load_address>0x7382</load_address>
         <run_address>0x7382</run_address>
         <size>0x100</size>
         <input_file_ref idref="fl-13"/>
      </object_component>
      <object_component id="oc-516">
         <name>.const:.string</name>
         <load_address>0x7482</load_address>
         <run_address>0x7482</run_address>
         <size>0x36</size>
         <input_file_ref idref="fl-17"/>
      </object_component>
      <object_component id="oc-5fa">
         <name>.const:.string</name>
         <load_address>0x74b8</load_address>
         <run_address>0x74b8</run_address>
         <size>0x36</size>
         <input_file_ref idref="fl-c"/>
      </object_component>
      <object_component id="oc-73e">
         <name>.const:.string</name>
         <load_address>0x74ee</load_address>
         <run_address>0x74ee</run_address>
         <size>0x26</size>
         <input_file_ref idref="fl-83"/>
      </object_component>
      <object_component id="oc-6d0">
         <name>.const:bp</name>
         <load_address>0x7514</load_address>
         <run_address>0x7514</run_address>
         <size>0x10</size>
         <input_file_ref idref="fl-38"/>
      </object_component>
      <object_component id="oc-6df">
         <name>.const:dp_h</name>
         <load_address>0x7524</load_address>
         <run_address>0x7524</run_address>
         <size>0x10</size>
         <input_file_ref idref="fl-38"/>
      </object_component>
      <object_component id="oc-6e2">
         <name>.const:dp_l</name>
         <load_address>0x7534</load_address>
         <run_address>0x7534</run_address>
         <size>0x10</size>
         <input_file_ref idref="fl-38"/>
      </object_component>
      <object_component id="oc-4f5">
         <name>.const:.string</name>
         <load_address>0x7544</load_address>
         <run_address>0x7544</run_address>
         <size>0xc</size>
         <input_file_ref idref="fl-16"/>
      </object_component>
      <object_component id="oc-5a1">
         <name>.const:.string:fonts_height</name>
         <load_address>0x7550</load_address>
         <run_address>0x7550</run_address>
         <size>0x4</size>
         <input_file_ref idref="fl-13"/>
      </object_component>
      <object_component id="oc-59e">
         <name>.const:.string:fonts_width</name>
         <load_address>0x7554</load_address>
         <run_address>0x7554</run_address>
         <size>0x4</size>
         <input_file_ref idref="fl-13"/>
      </object_component>
      <object_component id="oc-8ba">
         <name>.binit</name>
         <load_address>0x4400</load_address>
         <run_address>0x4400</run_address>
         <size>0x0</size>
      </object_component>
      <object_component id="oc-79">
         <name>.int41</name>
         <load_address>0xffd2</load_address>
         <run_address>0xffd2</run_address>
         <size>0x2</size>
         <input_file_ref idref="fl-46"/>
      </object_component>
      <object_component id="oc-7a">
         <name>.int42</name>
         <load_address>0xffd4</load_address>
         <run_address>0xffd4</run_address>
         <size>0x2</size>
         <input_file_ref idref="fl-47"/>
      </object_component>
      <object_component id="oc-7b">
         <name>.int43</name>
         <load_address>0xffd6</load_address>
         <run_address>0xffd6</run_address>
         <size>0x2</size>
         <input_file_ref idref="fl-48"/>
      </object_component>
      <object_component id="oc-7c">
         <name>.int44</name>
         <load_address>0xffd8</load_address>
         <run_address>0xffd8</run_address>
         <size>0x2</size>
         <input_file_ref idref="fl-49"/>
      </object_component>
      <object_component id="oc-7d">
         <name>.int45</name>
         <load_address>0xffda</load_address>
         <run_address>0xffda</run_address>
         <size>0x2</size>
         <input_file_ref idref="fl-12"/>
      </object_component>
      <object_component id="oc-7e">
         <name>.int46</name>
         <load_address>0xffdc</load_address>
         <run_address>0xffdc</run_address>
         <size>0x2</size>
         <input_file_ref idref="fl-4a"/>
      </object_component>
      <object_component id="oc-7f">
         <name>.int47</name>
         <load_address>0xffde</load_address>
         <run_address>0xffde</run_address>
         <size>0x2</size>
         <input_file_ref idref="fl-4b"/>
      </object_component>
      <object_component id="oc-80">
         <name>.int48</name>
         <load_address>0xffe0</load_address>
         <run_address>0xffe0</run_address>
         <size>0x2</size>
         <input_file_ref idref="fl-4c"/>
      </object_component>
      <object_component id="oc-81">
         <name>.int49</name>
         <load_address>0xffe2</load_address>
         <run_address>0xffe2</run_address>
         <size>0x2</size>
         <input_file_ref idref="fl-4d"/>
      </object_component>
      <object_component id="oc-82">
         <name>.int50</name>
         <load_address>0xffe4</load_address>
         <run_address>0xffe4</run_address>
         <size>0x2</size>
         <input_file_ref idref="fl-4e"/>
      </object_component>
      <object_component id="oc-83">
         <name>.int51</name>
         <load_address>0xffe6</load_address>
         <run_address>0xffe6</run_address>
         <size>0x2</size>
         <input_file_ref idref="fl-4f"/>
      </object_component>
      <object_component id="oc-84">
         <name>.int52</name>
         <load_address>0xffe8</load_address>
         <run_address>0xffe8</run_address>
         <size>0x2</size>
         <input_file_ref idref="fl-50"/>
      </object_component>
      <object_component id="oc-85">
         <name>.int53</name>
         <load_address>0xffea</load_address>
         <run_address>0xffea</run_address>
         <size>0x2</size>
         <input_file_ref idref="fl-51"/>
      </object_component>
      <object_component id="oc-86">
         <name>.int54</name>
         <load_address>0xffec</load_address>
         <run_address>0xffec</run_address>
         <size>0x2</size>
         <input_file_ref idref="fl-52"/>
      </object_component>
      <object_component id="oc-87">
         <name>.int55</name>
         <load_address>0xffee</load_address>
         <run_address>0xffee</run_address>
         <size>0x2</size>
         <input_file_ref idref="fl-12"/>
      </object_component>
      <object_component id="oc-88">
         <name>.int56</name>
         <load_address>0xfff0</load_address>
         <run_address>0xfff0</run_address>
         <size>0x2</size>
         <input_file_ref idref="fl-12"/>
      </object_component>
      <object_component id="oc-89">
         <name>.int57</name>
         <load_address>0xfff2</load_address>
         <run_address>0xfff2</run_address>
         <size>0x2</size>
         <input_file_ref idref="fl-12"/>
      </object_component>
      <object_component id="oc-8a">
         <name>.int58</name>
         <load_address>0xfff4</load_address>
         <run_address>0xfff4</run_address>
         <size>0x2</size>
         <input_file_ref idref="fl-53"/>
      </object_component>
      <object_component id="oc-8b">
         <name>.int59</name>
         <load_address>0xfff6</load_address>
         <run_address>0xfff6</run_address>
         <size>0x2</size>
         <input_file_ref idref="fl-54"/>
      </object_component>
      <object_component id="oc-8c">
         <name>.int60</name>
         <load_address>0xfff8</load_address>
         <run_address>0xfff8</run_address>
         <size>0x2</size>
         <input_file_ref idref="fl-55"/>
      </object_component>
      <object_component id="oc-8d">
         <name>.int61</name>
         <load_address>0xfffa</load_address>
         <run_address>0xfffa</run_address>
         <size>0x2</size>
         <input_file_ref idref="fl-56"/>
      </object_component>
      <object_component id="oc-8e">
         <name>.int62</name>
         <load_address>0xfffc</load_address>
         <run_address>0xfffc</run_address>
         <size>0x2</size>
         <input_file_ref idref="fl-57"/>
      </object_component>
      <object_component id="oc-36e">
         <name>.reset</name>
         <load_address>0xfffe</load_address>
         <run_address>0xfffe</run_address>
         <size>0x2</size>
         <input_file_ref idref="fl-64"/>
      </object_component>
      <object_component id="oc-375">
         <name>.debug_info</name>
         <load_address>0x0</load_address>
         <run_address>0x0</run_address>
         <size>0x84</size>
         <input_file_ref idref="fl-2"/>
      </object_component>
      <object_component id="oc-577">
         <name>.debug_info</name>
         <load_address>0x84</load_address>
         <run_address>0x84</run_address>
         <size>0x13e</size>
         <input_file_ref idref="fl-4"/>
      </object_component>
      <object_component id="oc-4d9">
         <name>.debug_info</name>
         <load_address>0x1c2</load_address>
         <run_address>0x1c2</run_address>
         <size>0x14a</size>
         <input_file_ref idref="fl-4"/>
      </object_component>
      <object_component id="oc-4d4">
         <name>.debug_info</name>
         <load_address>0x30c</load_address>
         <run_address>0x30c</run_address>
         <size>0x30c</size>
         <input_file_ref idref="fl-5"/>
      </object_component>
      <object_component id="oc-463">
         <name>.debug_info</name>
         <load_address>0x618</load_address>
         <run_address>0x618</run_address>
         <size>0x106</size>
         <input_file_ref idref="fl-5"/>
      </object_component>
      <object_component id="oc-460">
         <name>.debug_info</name>
         <load_address>0x71e</load_address>
         <run_address>0x71e</run_address>
         <size>0x102</size>
         <input_file_ref idref="fl-5"/>
      </object_component>
      <object_component id="oc-412">
         <name>.debug_info</name>
         <load_address>0x820</load_address>
         <run_address>0x820</run_address>
         <size>0x14b</size>
         <input_file_ref idref="fl-5"/>
      </object_component>
      <object_component id="oc-63b">
         <name>.debug_info</name>
         <load_address>0x96b</load_address>
         <run_address>0x96b</run_address>
         <size>0x199</size>
         <input_file_ref idref="fl-5"/>
      </object_component>
      <object_component id="oc-419">
         <name>.debug_info</name>
         <load_address>0xb04</load_address>
         <run_address>0xb04</run_address>
         <size>0x14b</size>
         <input_file_ref idref="fl-5"/>
      </object_component>
      <object_component id="oc-4dd">
         <name>.debug_info</name>
         <load_address>0xc4f</load_address>
         <run_address>0xc4f</run_address>
         <size>0x139</size>
         <input_file_ref idref="fl-5"/>
      </object_component>
      <object_component id="oc-4cf">
         <name>.debug_info</name>
         <load_address>0xd88</load_address>
         <run_address>0xd88</run_address>
         <size>0x2fd</size>
         <input_file_ref idref="fl-7"/>
      </object_component>
      <object_component id="oc-45d">
         <name>.debug_info</name>
         <load_address>0x1085</load_address>
         <run_address>0x1085</run_address>
         <size>0x106</size>
         <input_file_ref idref="fl-7"/>
      </object_component>
      <object_component id="oc-45a">
         <name>.debug_info</name>
         <load_address>0x118b</load_address>
         <run_address>0x118b</run_address>
         <size>0x102</size>
         <input_file_ref idref="fl-7"/>
      </object_component>
      <object_component id="oc-403">
         <name>.debug_info</name>
         <load_address>0x128d</load_address>
         <run_address>0x128d</run_address>
         <size>0x14b</size>
         <input_file_ref idref="fl-7"/>
      </object_component>
      <object_component id="oc-40a">
         <name>.debug_info</name>
         <load_address>0x13d8</load_address>
         <run_address>0x13d8</run_address>
         <size>0x14b</size>
         <input_file_ref idref="fl-7"/>
      </object_component>
      <object_component id="oc-4ca">
         <name>.debug_info</name>
         <load_address>0x1523</load_address>
         <run_address>0x1523</run_address>
         <size>0x2d4</size>
         <input_file_ref idref="fl-a"/>
      </object_component>
      <object_component id="oc-457">
         <name>.debug_info</name>
         <load_address>0x17f7</load_address>
         <run_address>0x17f7</run_address>
         <size>0x106</size>
         <input_file_ref idref="fl-a"/>
      </object_component>
      <object_component id="oc-454">
         <name>.debug_info</name>
         <load_address>0x18fd</load_address>
         <run_address>0x18fd</run_address>
         <size>0xde</size>
         <input_file_ref idref="fl-a"/>
      </object_component>
      <object_component id="oc-3f4">
         <name>.debug_info</name>
         <load_address>0x19db</load_address>
         <run_address>0x19db</run_address>
         <size>0x14b</size>
         <input_file_ref idref="fl-a"/>
      </object_component>
      <object_component id="oc-3fa">
         <name>.debug_info</name>
         <load_address>0x1b26</load_address>
         <run_address>0x1b26</run_address>
         <size>0x14b</size>
         <input_file_ref idref="fl-a"/>
      </object_component>
      <object_component id="oc-5fc">
         <name>.debug_info</name>
         <load_address>0x1c71</load_address>
         <run_address>0x1c71</run_address>
         <size>0x291</size>
         <input_file_ref idref="fl-c"/>
      </object_component>
      <object_component id="oc-50e">
         <name>.debug_info</name>
         <load_address>0x1f02</load_address>
         <run_address>0x1f02</run_address>
         <size>0xf5</size>
         <input_file_ref idref="fl-c"/>
      </object_component>
      <object_component id="oc-52f">
         <name>.debug_info</name>
         <load_address>0x1ff7</load_address>
         <run_address>0x1ff7</run_address>
         <size>0x27a</size>
         <input_file_ref idref="fl-c"/>
      </object_component>
      <object_component id="oc-536">
         <name>.debug_info</name>
         <load_address>0x2271</load_address>
         <run_address>0x2271</run_address>
         <size>0x276</size>
         <input_file_ref idref="fl-c"/>
      </object_component>
      <object_component id="oc-529">
         <name>.debug_info</name>
         <load_address>0x24e7</load_address>
         <run_address>0x24e7</run_address>
         <size>0x22d</size>
         <input_file_ref idref="fl-c"/>
      </object_component>
      <object_component id="oc-72d">
         <name>.debug_info</name>
         <load_address>0x2714</load_address>
         <run_address>0x2714</run_address>
         <size>0x152</size>
         <input_file_ref idref="fl-c"/>
      </object_component>
      <object_component id="oc-665">
         <name>.debug_info</name>
         <load_address>0x2866</load_address>
         <run_address>0x2866</run_address>
         <size>0x180</size>
         <input_file_ref idref="fl-c"/>
      </object_component>
      <object_component id="oc-66b">
         <name>.debug_info</name>
         <load_address>0x29e6</load_address>
         <run_address>0x29e6</run_address>
         <size>0x13b</size>
         <input_file_ref idref="fl-c"/>
      </object_component>
      <object_component id="oc-5ab">
         <name>.debug_info</name>
         <load_address>0x2b21</load_address>
         <run_address>0x2b21</run_address>
         <size>0x3d4</size>
         <input_file_ref idref="fl-c"/>
      </object_component>
      <object_component id="oc-509">
         <name>.debug_info</name>
         <load_address>0x2ef5</load_address>
         <run_address>0x2ef5</run_address>
         <size>0x285</size>
[...]
         <name>__mspabi_sral_14</name>
         <value>0x16042</value>
         <object_component_ref idref="oc-5c2"/>
      </symbol>
      <symbol id="sm-6aa">
         <name>__mspabi_sral_13</name>
         <value>0x16046</value>
         <object_component_ref idref="oc-5c2"/>
      </symbol>
      <symbol id="sm-6ab">
         <name>__mspabi_sral_12</name>
         <value>0x1604a</value>
         <object_component_ref idref="oc-5c2"/>
      </symbol>
      <symbol id="sm-6ac">
         <name>__mspabi_sral_11</name>
         <value>0x1604e</value>
         <object_component_ref idref="oc-5c2"/>
      </symbol>
      <symbol id="sm-6ad">
         <name>__mspabi_sral_10</name>
         <value>0x16052</value>
         <object_component_ref idref="oc-5c2"/>
      </symbol>
      <symbol id="sm-6ae">
         <name>__mspabi_sral_8</name>
         <value>0x1605a</value>
         <object_component_ref idref="oc-5c2"/>
      </symbol>
      <symbol id="sm-6af">
         <name>__mspabi_sral_9</name>
         <value>0x16056</value>
         <object_component_ref idref="oc-5c2"/>
      </symbol>
      <symbol id="sm-6b0">
         <name>__mspabi_sral_6</name>
         <value>0x16062</value>
         <object_component_ref idref="oc-5c2"/>
      </symbol>
      <symbol id="sm-6b1">
         <name>__mspabi_sral_7</name>
         <value>0x1605e</value>
         <object_component_ref idref="oc-5c2"/>
      </symbol>
      <symbol id="sm-6b2">
         <name>__mspabi_sral_4</name>
         <value>0x1606a</value>
         <object_component_ref idref="oc-5c2"/>
      </symbol>
      <symbol id="sm-6b3">
         <name>__mspabi_sral_5</name>
         <value>0x16066</value>
         <object_component_ref idref="oc-5c2"/>
      </symbol>
      <symbol id="sm-6b4">
         <name>__mspabi_sral_2</name>
         <value>0x16072</value>
         <object_component_ref idref="oc-5c2"/>
      </symbol>
      <symbol id="sm-6b5">
         <name>__mspabi_sral_3</name>
         <value>0x1606e</value>
         <object_component_ref idref="oc-5c2"/>
      </symbol>
      <symbol id="sm-6b6">
         <name>__mspabi_sral_1</name>
         <value>0x16076</value>
         <object_component_ref idref="oc-5c2"/>
      </symbol>
      <symbol id="sm-6c4">
         <name>__mspabi_remul</name>
         <value>0x15de8</value>
         <object_component_ref idref="oc-80f"/>
      </symbol>
      <symbol id="sm-6c5">
         <name>__mspabi_divul</name>
         <value>0x15de8</value>
         <object_component_ref idref="oc-80f"/>
      </symbol>
      <symbol id="sm-6e0">
         <name>__mspabi_subf</name>
         <value>0x14a52</value>
         <object_component_ref idref="oc-5b0"/>
      </symbol>
      <symbol id="sm-6e1">
         <name>__mspabi_addf</name>
         <value>0x14a58</value>
         <object_component_ref idref="oc-5b0"/>
      </symbol>
      <symbol id="sm-6f1">
         <name>__mspabi_cmpf</name>
         <value>0x15f30</value>
         <object_component_ref idref="oc-523"/>
      </symbol>
      <symbol id="sm-703">
         <name>__mspabi_divf</name>
         <value>0x157f4</value>
         <object_component_ref idref="oc-5ba"/>
      </symbol>
      <symbol id="sm-710">
         <name>__mspabi_fltif</name>
         <value>0x16218</value>
         <object_component_ref idref="oc-5b5"/>
      </symbol>
      <symbol id="sm-727">
         <name>__mspabi_mpyf</name>
         <value>0x15232</value>
         <object_component_ref idref="oc-674"/>
      </symbol>
      <symbol id="sm-732">
         <name>__mspabi_fltuf</name>
         <value>0x1645c</value>
         <object_component_ref idref="oc-66f"/>
      </symbol>
      <symbol id="sm-735">
         <name>__TI_int41</name>
         <value>0xffd2</value>
         <object_component_ref idref="oc-79"/>
      </symbol>
      <symbol id="sm-738">
         <name>__TI_int42</name>
         <value>0xffd4</value>
         <object_component_ref idref="oc-7a"/>
      </symbol>
      <symbol id="sm-73b">
         <name>__TI_int43</name>
         <value>0xffd6</value>
         <object_component_ref idref="oc-7b"/>
      </symbol>
      <symbol id="sm-73e">
         <name>__TI_int44</name>
         <value>0xffd8</value>
         <object_component_ref idref="oc-7c"/>
      </symbol>
      <symbol id="sm-741">
         <name>__TI_int46</name>
         <value>0xffdc</value>
         <object_component_ref idref="oc-7e"/>
      </symbol>
      <symbol id="sm-744">
         <name>__TI_int47</name>
         <value>0xffde</value>
         <object_component_ref idref="oc-7f"/>
      </symbol>
      <symbol id="sm-747">
         <name>__TI_int48</name>
         <value>0xffe0</value>
         <object_component_ref idref="oc-80"/>
      </symbol>
      <symbol id="sm-74a">
         <name>__TI_int49</name>
         <value>0xffe2</value>
         <object_component_ref idref="oc-81"/>
      </symbol>
      <symbol id="sm-74d">
         <name>__TI_int50</name>
         <value>0xffe4</value>
         <object_component_ref idref="oc-82"/>
      </symbol>
      <symbol id="sm-750">
         <name>__TI_int51</name>
         <value>0xffe6</value>
         <object_component_ref idref="oc-83"/>
      </symbol>
      <symbol id="sm-753">
         <name>__TI_int52</name>
         <value>0xffe8</value>
         <object_component_ref idref="oc-84"/>
      </symbol>
      <symbol id="sm-756">
         <name>__TI_int53</name>
         <value>0xffea</value>
         <object_component_ref idref="oc-85"/>
      </symbol>
      <symbol id="sm-759">
         <name>__TI_int54</name>
         <value>0xffec</value>
         <object_component_ref idref="oc-86"/>
      </symbol>
      <symbol id="sm-75c">
         <name>__TI_int58</name>
         <value>0xfff4</value>
         <object_component_ref idref="oc-8a"/>
      </symbol>
      <symbol id="sm-75f">
         <name>__TI_int59</name>
         <value>0xfff6</value>
         <object_component_ref idref="oc-8b"/>
      </symbol>
      <symbol id="sm-762">
         <name>__TI_int60</name>
         <value>0xfff8</value>
         <object_component_ref idref="oc-8c"/>
      </symbol>
      <symbol id="sm-765">
         <name>__TI_int61</name>
         <value>0xfffa</value>
         <object_component_ref idref="oc-8d"/>
      </symbol>
      <symbol id="sm-768">
         <name>__TI_int62</name>
         <value>0xfffc</value>
         <object_component_ref idref="oc-8e"/>
      </symbol>
      <symbol id="sm-770">
         <name>__TI_ISR_TRAP</name>
         <value>0x4472</value>
         <object_component_ref idref="oc-387"/>
      </symbol>
      <symbol id="sm-781">
         <name>__mspabi_slll_9</name>
         <value>0x16094</value>
         <object_component_ref idref="oc-6fa"/>
      </symbol>
      <symbol id="sm-782">
         <name>__mspabi_slll_8</name>
         <value>0x16098</value>
         <object_component_ref idref="oc-6fa"/>
      </symbol>
      <symbol id="sm-783">
         <name>__mspabi_slll_7</name>
         <value>0x1609c</value>
         <object_component_ref idref="oc-6fa"/>
      </symbol>
      <symbol id="sm-784">
         <name>__mspabi_slll_6</name>
         <value>0x160a0</value>
         <object_component_ref idref="oc-6fa"/>
      </symbol>
      <symbol id="sm-785">
         <name>__mspabi_slll_5</name>
         <value>0x160a4</value>
         <object_component_ref idref="oc-6fa"/>
      </symbol>
      <symbol id="sm-786">
         <name>__mspabi_slll_4</name>
         <value>0x160a8</value>
         <object_component_ref idref="oc-6fa"/>
      </symbol>
      <symbol id="sm-787">
         <name>__mspabi_slll_3</name>
         <value>0x160ac</value>
         <object_component_ref idref="oc-6fa"/>
      </symbol>
      <symbol id="sm-788">
         <name>__mspabi_slll_2</name>
         <value>0x160b0</value>
         <object_component_ref idref="oc-6fa"/>
      </symbol>
      <symbol id="sm-789">
         <name>__mspabi_slll_1</name>
         <value>0x160b4</value>
         <object_component_ref idref="oc-6fa"/>
      </symbol>
      <symbol id="sm-78a">
         <name>__mspabi_slll</name>
         <value>0x16640</value>
         <object_component_ref idref="oc-6b1"/>
      </symbol>
      <symbol id="sm-78b">
         <name>__mspabi_slll_15</name>
         <value>0x1607c</value>
         <object_component_ref idref="oc-6fa"/>
      </symbol>
      <symbol id="sm-78c">
         <name>__mspabi_slll_14</name>
         <value>0x16080</value>
         <object_component_ref idref="oc-6fa"/>
      </symbol>
      <symbol id="sm-78d">
         <name>__mspabi_slll_13</name>
         <value>0x16084</value>
         <object_component_ref idref="oc-6fa"/>
      </symbol>
      <symbol id="sm-78e">
         <name>__mspabi_slll_12</name>
         <value>0x16088</value>
         <object_component_ref idref="oc-6fa"/>
      </symbol>
      <symbol id="sm-78f">
         <name>__mspabi_slll_11</name>
         <value>0x1608c</value>
         <object_component_ref idref="oc-6fa"/>
      </symbol>
      <symbol id="sm-790">
         <name>__mspabi_slll_10</name>
         <value>0x16090</value>
         <object_component_ref idref="oc-6fa"/>
      </symbol>
      <symbol id="sm-7a1">
         <name>__mspabi_srll_8</name>
         <value>0x160d6</value>
         <object_component_ref idref="oc-771"/>
      </symbol>
      <symbol id="sm-7a2">
         <name>__mspabi_srll_9</name>
         <value>0x160d2</value>
         <object_component_ref idref="oc-771"/>
      </symbol>
      <symbol id="sm-7a3">
         <name>__mspabi_srll_6</name>
         <value>0x160de</value>
         <object_component_ref idref="oc-771"/>
      </symbol>
      <symbol id="sm-7a4">
         <name>__mspabi_srll_7</name>
         <value>0x160da</value>
         <object_component_ref idref="oc-771"/>
      </symbol>
      <symbol id="sm-7a5">
         <name>__mspabi_srll_4</name>
         <value>0x160e6</value>
         <object_component_ref idref="oc-771"/>
      </symbol>
      <symbol id="sm-7a6">
         <name>__mspabi_srll_5</name>
         <value>0x160e2</value>
         <object_component_ref idref="oc-771"/>
      </symbol>
      <symbol id="sm-7a7">
         <name>__mspabi_srll_2</name>
         <value>0x160ee</value>
         <object_component_ref idref="oc-771"/>
      </symbol>
      <symbol id="sm-7a8">
         <name>__mspabi_srll_3</name>
         <value>0x160ea</value>
         <object_component_ref idref="oc-771"/>
      </symbol>
      <symbol id="sm-7a9">
         <name>__mspabi_srll_1</name>
         <value>0x160f2</value>
         <object_component_ref idref="oc-771"/>
      </symbol>
      <symbol id="sm-7aa">
         <name>__mspabi_srll_15</name>
         <value>0x160ba</value>
         <object_component_ref idref="oc-771"/>
      </symbol>
      <symbol id="sm-7ab">
         <name>__mspabi_srll_14</name>
         <value>0x160be</value>
         <object_component_ref idref="oc-771"/>
      </symbol>
      <symbol id="sm-7ac">
         <name>__mspabi_srll_13</name>
         <value>0x160c2</value>
         <object_component_ref idref="oc-771"/>
      </symbol>
      <symbol id="sm-7ad">
         <name>__mspabi_srll_12</name>
         <value>0x160c6</value>
         <object_component_ref idref="oc-771"/>
      </symbol>
      <symbol id="sm-7ae">
         <name>__mspabi_srll_11</name>
         <value>0x160ca</value>
         <object_component_ref idref="oc-771"/>
      </symbol>
      <symbol id="sm-7af">
         <name>__mspabi_srll_10</name>
         <value>0x160ce</value>
         <object_component_ref idref="oc-771"/>
      </symbol>
      <symbol id="sm-7b0">
         <name>__mspabi_srll</name>
         <value>0x16650</value>
         <object_component_ref idref="oc-6b6"/>
      </symbol>
      <symbol id="sm-7b9">
         <name>__mspabi_mpyi_f5hw</name>
         <value>0x16578</value>
         <object_component_ref idref="oc-62d"/>
      </symbol>
      <symbol id="sm-7c3">
         <name>__mspabi_mpyl_f5hw</name>
         <value>0x16480</value>
         <object_component_ref idref="oc-798"/>
      </symbol>
      <symbol id="sm-7d5">
         <name>_stack</name>
         <value>0x4360</value>
         <object_component_ref idref="oc-36b"/>
      </symbol>
      <symbol id="sm-7d6">
         <name>_c_int00_noargs</name>
         <value>0x4456</value>
         <object_component_ref idref="oc-3b6"/>
      </symbol>
      <symbol id="sm-7d7">
         <name>_reset_vector</name>
         <value>0xfffe</value>
         <object_component_ref idref="oc-36e"/>
      </symbol>
      <symbol id="sm-7fa">
         <name>__TI_auto_init_nobinit_nopinit_hold_wdt</name>
         <value>0x15e40</value>
         <object_component_ref idref="oc-4ab"/>
      </symbol>
      <symbol id="sm-80d">
         <name>__TI_zero_init_nomemset</name>
         <value>0x16438</value>
         <object_component_ref idref="oc-3a4"/>
      </symbol>
      <symbol id="sm-821">
         <name>__mspabi_srlll</name>
         <value>0x16170</value>
         <object_component_ref idref="oc-819"/>
      </symbol>
      <symbol id="sm-82a">
         <name>_system_pre_init</name>
         <value>0x1669e</value>
         <object_component_ref idref="oc-428"/>
      </symbol>
      <symbol id="sm-833">
         <name>_system_post_cinit</name>
         <value>0x166a2</value>
         <object_component_ref idref="oc-54e"/>
      </symbol>
      <symbol id="sm-844">
         <name>__TI_decompress_none</name>
         <value>0x1660c</value>
         <object_component_ref idref="oc-73"/>
      </symbol>
      <symbol id="sm-867">
         <name>__TI_decompress_lzss</name>
         <value>0x15b0a</value>
         <object_component_ref idref="oc-6d"/>
      </symbol>
      <symbol id="sm-88e">
         <name>__mspabi_addd</name>
         <value>0x11d96</value>
         <object_component_ref idref="oc-5fd"/>
      </symbol>
      <symbol id="sm-8a8">
         <name>__mspabi_cmpd</name>
         <value>0x14fba</value>
         <object_component_ref idref="oc-51d"/>
      </symbol>
      <symbol id="sm-8bb">
         <name>__mspabi_cvtfd</name>
         <value>0x15cc2</value>
         <object_component_ref idref="oc-510"/>
      </symbol>
      <symbol id="sm-8dc">
         <name>__mspabi_divd</name>
         <value>0x136aa</value>
         <object_component_ref idref="oc-6bb"/>
      </symbol>
      <symbol id="sm-8f6">
         <name>__mspabi_fltlid</name>
         <value>0x1559e</value>
         <object_component_ref idref="oc-6d9"/>
      </symbol>
      <symbol id="sm-917">
         <name>__TI_frcaddd</name>
         <value>0x1323e</value>
         <object_component_ref idref="oc-703"/>
      </symbol>
      <symbol id="sm-932">
         <name>__TI_frcdivd</name>
         <value>0x115e2</value>
         <object_component_ref idref="oc-769"/>
      </symbol>
      <symbol id="sm-953">
         <name>__mspabi_mpyd</name>
         <value>0x12fd8</value>
         <object_component_ref idref="oc-5ee"/>
      </symbol>
      <symbol id="sm-95c">
         <name>__mspabi_negd</name>
         <value>0x16314</value>
         <object_component_ref idref="oc-6c7"/>
      </symbol>
      <symbol id="sm-970">
         <name>__TI_renormd</name>
         <value>0x153a0</value>
         <object_component_ref idref="oc-7a4"/>
      </symbol>
      <symbol id="sm-979">
         <name>__mspabi_subd</name>
         <value>0x16282</value>
         <object_component_ref idref="oc-6d3"/>
      </symbol>
      <symbol id="sm-98c">
         <name>__mspabi_cvtdf</name>
         <value>0x15884</value>
         <object_component_ref idref="oc-5f4"/>
      </symbol>
      <symbol id="sm-996">
         <name>C$$EXIT</name>
         <value>0x16698</value>
         <object_component_ref idref="oc-487"/>
      </symbol>
      <symbol id="sm-997">
         <name>abort</name>
         <value>0x16698</value>
         <object_component_ref idref="oc-487"/>
      </symbol>
      <symbol id="sm-9a7">
         <name>memcpy</name>
         <value>0x165e6</value>
         <object_component_ref idref="oc-37a"/>
      </symbol>
      <symbol id="sm-9b5">
         <name>memset</name>
         <value>0x16590</value>
         <object_component_ref idref="oc-4fe"/>
      </symbol>
      <symbol id="sm-9bf">
         <name>abs</name>
         <value>0x1667a</value>
         <object_component_ref idref="oc-889"/>
      </symbol>
      <symbol id="sm-9c6">
         <name>errno</name>
         <value>0x2424</value>
         <object_component_ref idref="oc-6cd"/>
      </symbol>
      <symbol id="sm-b95">
         <name>__TI_printfi</name>
         <value>0x12354</value>
         <object_component_ref idref="oc-5d9"/>
      </symbol>
      <symbol id="sm-bad">
         <name>wcslen</name>
         <value>0x165bc</value>
         <object_component_ref idref="oc-753"/>
      </symbol>
      <symbol id="sm-bb7">
         <name>__mspabi_remu</name>
         <value>0x165a6</value>
         <object_component_ref idref="oc-814"/>
      </symbol>
      <symbol id="sm-bb8">
         <name>__mspabi_divu</name>
         <value>0x165a6</value>
         <object_component_ref idref="oc-814"/>
      </symbol>
      <symbol id="sm-bec">
         <name>__mspabi_divull</name>
         <value>0x11a48</value>
         <object_component_ref idref="oc-809"/>
      </symbol>
      <symbol id="sm-bf9">
         <name>__mspabi_fixdi</name>
         <value>0x1639a</value>
         <object_component_ref idref="oc-882"/>
      </symbol>
      <symbol id="sm-c08">
         <name>__mspabi_fixdli</name>
         <value>0x15c5c</value>
         <object_component_ref idref="oc-876"/>
      </symbol>
      <symbol id="sm-c11">
         <name>__mspabi_fltid</name>
         <value>0x1666e</value>
         <object_component_ref idref="oc-89b"/>
      </symbol>
      <symbol id="sm-c21">
         <name>__TI_frcmpyd</name>
         <value>0x125fa</value>
         <object_component_ref idref="oc-6f2"/>
      </symbol>
      <symbol id="sm-c30">
         <name>__TI_ltoa</name>
         <value>0x1599a</value>
         <object_component_ref idref="oc-87c"/>
      </symbol>
      <symbol id="sm-c43">
         <name>atoi</name>
         <value>0x15d26</value>
         <object_component_ref idref="oc-737"/>
      </symbol>
      <symbol id="sm-c4d">
         <name>_ctypes_</name>
         <value>0x7280</value>
         <object_component_ref idref="oc-7b1"/>
      </symbol>
      <symbol id="sm-c5c">
         <name>memccpy</name>
         <value>0x16412</value>
         <object_component_ref idref="oc-74b"/>
      </symbol>
      <symbol id="sm-c6b">
         <name>strchr</name>
         <value>0x1652a</value>
         <object_component_ref idref="oc-895"/>
      </symbol>
      <symbol id="sm-c78">
         <name>strlen</name>
         <value>0x16660</value>
         <object_component_ref idref="oc-680"/>
      </symbol>
      <symbol id="sm-c85">
         <name>toupper</name>
         <value>0x1661e</value>
         <object_component_ref idref="oc-7c8"/>
      </symbol>
      <symbol id="sm-c97">
         <name>frexpl</name>
         <value>0x154f8</value>
         <object_component_ref idref="oc-848"/>
      </symbol>
      <symbol id="sm-c98">
         <name>frexp</name>
         <value>0x154f8</value>
         <object_component_ref idref="oc-848"/>
      </symbol>
      <symbol id="sm-ca4">
         <name>__mspabi_remli</name>
         <value>0x15ffe</value>
         <object_component_ref idref="oc-8a6"/>
      </symbol>
      <symbol id="sm-ca5">
         <name>__mspabi_divli</name>
         <value>0x15ffe</value>
         <object_component_ref idref="oc-8a6"/>
      </symbol>
      <symbol id="sm-cb2">
         <name>__mspabi_sllll</name>
         <value>0x16136</value>
         <object_component_ref idref="oc-864"/>
      </symbol>
      <symbol id="sm-cb4">
         <name>user_loop</name>
         <value>0x11148</value>
      </symbol>
   </symbol_table>
   <title>Link successful</title>
</link_info>
