******************************************************************************
                  MSP430 Linker PC v20.2.1                     
******************************************************************************
>> Linked Mon Aug 17 12:16:47 2020

OUTPUT FILE NAME:   <LED_TX.out>
ENTRY POINT SYMBOL: "_c_int00_noargs"  address: 000044a2


MEMORY CONFIGURATION

         name            origin    length      used     unused   attr    fill
----------------------  --------  ---------  --------  --------  ----  --------
  SFR                   00000000   00000010  00000000  00000010  RWIX
  PERIPHERALS_8BIT      00000010   000000f0  00000000  000000f0  RWIX
  PERIPHERALS_16BIT     00000100   00000100  00000000  00000100  RWIX
  INFOD                 00001800   00000080  00000000  00000080  RWIX
  INFOC                 00001880   00000080  00000000  00000080  RWIX
  INFOB                 00001900   00000080  00000000  00000080  RWIX
  INFOA                 00001980   00000080  00000000  00000080  RWIX
  USBRAM                00001c00   00000800  00000000  00000800  RWIX
  RAM                   00002400   00002000  0000010c  00001ef4  RWIX
  FLASH                 00004400   0000bb80  00003068  00008b18  RWIX
  INT00                 0000ff80   00000002  00000000  00000002  RWIX
  INT01                 0000ff82   00000002  00000000  00000002  RWIX
  INT02                 0000ff84   00000002  00000000  00000002  RWIX
  INT03                 0000ff86   00000002  00000000  00000002  RWIX
  INT04                 0000ff88   00000002  00000000  00000002  RWIX
  INT05                 0000ff8a   00000002  00000000  00000002  RWIX
  INT06                 0000ff8c   00000002  00000000  00000002  RWIX
  INT07                 0000ff8e   00000002  00000000  00000002  RWIX
  INT08                 0000ff90   00000002  00000000  00000002  RWIX
  INT09                 0000ff92   00000002  00000000  00000002  RWIX
  INT10                 0000ff94   00000002  00000000  00000002  RWIX
  INT11                 0000ff96   00000002  00000000  00000002  RWIX
  INT12                 0000ff98   00000002  00000000  00000002  RWIX
  INT13                 0000ff9a   00000002  00000000  00000002  RWIX
  INT14                 0000ff9c   00000002  00000000  00000002  RWIX
  INT15                 0000ff9e   00000002  00000000  00000002  RWIX
  INT16                 0000ffa0   00000002  00000000  00000002  RWIX
  INT17                 0000ffa2   00000002  00000000  00000002  RWIX
  INT18                 0000ffa4   00000002  00000000  00000002  RWIX
  INT19                 0000ffa6   00000002  00000000  00000002  RWIX
  INT20                 0000ffa8   00000002  00000000  00000002  RWIX
  INT21                 0000ffaa   00000002  00000000  00000002  RWIX
  INT22                 0000ffac   00000002  00000000  00000002  RWIX
  INT23                 0000ffae   00000002  00000000  00000002  RWIX
  INT24                 0000ffb0   00000002  00000000  00000002  RWIX
  INT25                 0000ffb2   00000002  00000000  00000002  RWIX
  INT26                 0000ffb4   00000002  00000000  00000002  RWIX
  INT27                 0000ffb6   00000002  00000000  00000002  RWIX
  INT28                 0000ffb8   00000002  00000000  00000002  RWIX
  INT29                 0000ffba   00000002  00000000  00000002  RWIX
  INT30                 0000ffbc   00000002  00000000  00000002  RWIX
  INT31                 0000ffbe   00000002  00000000  00000002  RWIX
  INT32                 0000ffc0   00000002  00000000  00000002  RWIX
  INT33                 0000ffc2   00000002  00000000  00000002  RWIX
  INT34                 0000ffc4   00000002  00000000  00000002  RWIX
  INT35                 0000ffc6   00000002  00000000  00000002  RWIX
  INT36                 0000ffc8   00000002  00000000  00000002  RWIX
  INT37                 0000ffca   00000002  00000000  00000002  RWIX
  INT38                 0000ffcc   00000002  00000000  00000002  RWIX
  INT39                 0000ffce   00000002  00000000  00000002  RWIX
  INT40                 0000ffd0   00000002  00000000  00000002  RWIX
  INT41                 0000ffd2   00000002  00000002  00000000  RWIX
  INT42                 0000ffd4   00000002  00000002  00000000  RWIX
  INT43                 0000ffd6   00000002  00000002  00000000  RWIX
  INT44                 0000ffd8   00000002  00000002  00000000  RWIX
  INT45                 0000ffda   00000002  00000002  00000000  RWIX
  INT46                 0000ffdc   00000002  00000002  00000000  RWIX
  INT47                 0000ffde   00000002  00000002  00000000  RWIX
  INT48                 0000ffe0   00000002  00000002  00000000  RWIX
  INT49                 0000ffe2   00000002  00000002  00000000  RWIX
  INT50                 0000ffe4   00000002  00000002  00000000  RWIX
  INT51                 0000ffe6   00000002  00000002  00000000  RWIX
  INT52                 0000ffe8   00000002  00000002  00000000  RWIX
  INT53                 0000ffea   00000002  00000002  00000000  RWIX
  INT54                 0000ffec   00000002  00000002  00000000  RWIX
  INT55                 0000ffee   00000002  00000002  00000000  RWIX
  INT56                 0000fff0   00000002  00000002  00000000  RWIX
  INT57                 0000fff2   00000002  00000002  00000000  RWIX
  INT58                 0000fff4   00000002  00000002  00000000  RWIX
  INT59                 0000fff6   00000002  00000002  00000000  RWIX
  INT60                 0000fff8   00000002  00000002  00000000  RWIX
  INT61                 0000fffa   00000002  00000002  00000000  RWIX
  INT62                 0000fffc   00000002  00000002  00000000  RWIX
  RESET                 0000fffe   00000002  00000002  00000000  RWIX
  FLASH2                00010000   00014400  00004740  0000fcc0  RWIX


SECTION ALLOCATION MAP

 output                                  attributes/
section   page    origin      length       input sections
--------  ----  ----------  ----------   ----------------
.bss       0    00002400    00000058     UNINITIALIZED
                  00002400    00000010     (.common:A0results)
                  00002410    00000010     (.common:A1results)
                  00002420    00000010     (.common:A2results)
                  00002430    00000010     (.common:A3results)
                  00002440    00000008     usci_a0_spi.obj (.bss)
                  00002448    00000008     usci_b0_i2c.obj (.bss)
                  00002450    00000008     usci_b1_spi.obj (.bss)

.data      0    00002458    00000014     UNINITIALIZED
                  00002458    0000000b     user.obj (.data)
                  00002463    00000001     usci_b1_spi.obj (.data)
                  00002464    00000002     ADC12_INIT.obj (.data)
                  00002466    00000002     rts430x_lc_rd_eabi.lib : errno.c.obj (.data)
                  00002468    00000002     usci_a0_spi.obj (.data)
                  0000246a    00000002     usci_b0_i2c.obj (.data)

.stack     0    00004360    000000a0     UNINITIALIZED
                  00004360    00000004     rts430x_lc_rd_eabi.lib : boot.c.obj (.stack)
                  00004364    0000009c     --HOLE--

.text:_isr 
*          0    00004400    000000d2     
                  00004400    0000004c     ADC12_INIT.obj (.text:_isr:ADC12ISR)
                  0000444c    0000001e     vector.obj (.text:_isr:USCI_B0_ISR)
                  0000446a    0000001c     vector.obj (.text:_isr:USCI_A0_ISR)
                  00004486    0000001c     vector.obj (.text:_isr:USCI_B1_ISR)
                  000044a2    0000001c     rts430x_lc_rd_eabi.lib : boot.c.obj (.text:_isr:_c_int00_noargs)
                  000044be    0000000a     TIMER_INIT.obj (.text:_isr:TIMER0_A0_ISR)
                  000044c8    00000008     rts430x_lc_rd_eabi.lib : isr_trap.asm.obj (.text:_isr:__TI_ISR_TRAP)
                  000044d0    00000002     vector.obj (.text:_isr:WDT_ISR)

.cinit     0    0000743c    0000002c     
                  0000743c    0000000c     (__TI_handler_table)
                  00007448    00000009     (.cinit..data.load) [load image, compression = lzss]
                  00007451    00000001     --HOLE-- [fill = 0]
                  00007452    00000006     (.cinit..bss.load) [load image, compression = zero_init]
                  00007458    00000010     (__TI_cinit_table)

.binit     0    00004400    00000000     

.init_array 
*          0    00004400    00000000     UNINITIALIZED

.const     0    000044d2    00002f6a     
                  000044d2    000017c0     fonts.obj (.const:c_chFont3216)
                  00005c92    00000be0     fonts.obj (.const:c_chFont1616)
                  00006872    000005f0     fonts.obj (.const:c_chFont1608)
                  00006e62    00000474     fonts.obj (.const:c_chFont1206)
                  000072d6    00000101     rts430x_lc_rd_eabi.lib : ctype.c.obj (.const:.string:_ctypes_)
                  000073d7    00000001     --HOLE-- [fill = 0]
                  000073d8    00000036     user.obj (.const:.string)
                  0000740e    00000026     rts430x_lc_rd_eabi.lib : _printfi.c.obj (.const:.string)
                  00007434    00000004     fonts.obj (.const:.string:fonts_height)
                  00007438    00000004     fonts.obj (.const:.string:fonts_width)

RTC        0    0000ffd2    00000002     
                  0000ffd2    00000002     rts430x_lc_rd_eabi.lib : int41.asm.obj (.int41)

PORT2      0    0000ffd4    00000002     
                  0000ffd4    00000002     rts430x_lc_rd_eabi.lib : int42.asm.obj (.int42)

TIMER2_A1 
*          0    0000ffd6    00000002     
                  0000ffd6    00000002     rts430x_lc_rd_eabi.lib : int43.asm.obj (.int43)

TIMER2_A0 
*          0    0000ffd8    00000002     
                  0000ffd8    00000002     rts430x_lc_rd_eabi.lib : int44.asm.obj (.int44)

USCI_B1    0    0000ffda    00000002     
                  0000ffda    00000002     vector.obj (.int45)

USCI_A1    0    0000ffdc    00000002     
                  0000ffdc    00000002     rts430x_lc_rd_eabi.lib : int46.asm.obj (.int46)

PORT1      0    0000ffde    00000002     
                  0000ffde    00000002     rts430x_lc_rd_eabi.lib : int47.asm.obj (.int47)

TIMER1_A1 
*          0    0000ffe0    00000002     
                  0000ffe0    00000002     rts430x_lc_rd_eabi.lib : int48.asm.obj (.int48)

TIMER1_A0 
*          0    0000ffe2    00000002     
                  0000ffe2    00000002     rts430x_lc_rd_eabi.lib : int49.asm.obj (.int49)

DMA        0    0000ffe4    00000002     
                  0000ffe4    00000002     rts430x_lc_rd_eabi.lib : int50.asm.obj (.int50)

USB_UBM    0    0000ffe6    00000002     
                  0000ffe6    00000002     rts430x_lc_rd_eabi.lib : int51.asm.obj (.int51)

TIMER0_A1 
*          0    0000ffe8    00000002     
                  0000ffe8    00000002     rts430x_lc_rd_eabi.lib : int52.asm.obj (.int52)

TIMER0_A0 
*          0    0000ffea    00000002     
                  0000ffea    00000002     TIMER_INIT.obj (.int53)

ADC12      0    0000ffec    00000002     
                  0000ffec    00000002     ADC12_INIT.obj (.int54)

USCI_B0    0    0000ffee    00000002     
                  0000ffee    00000002     vector.obj (.int55)

USCI_A0    0    0000fff0    00000002     
                  0000fff0    00000002     vector.obj (.int56)

WDT        0    0000fff2    00000002     
                  0000fff2    00000002     vector.obj (.int57)

TIMER0_B1 
*          0    0000fff4    00000002     
                  0000fff4    00000002     rts430x_lc_rd_eabi.lib : int58.asm.obj (.int58)

TIMER0_B0 
*          0    0000fff6    00000002     
                  0000fff6    00000002     rts430x_lc_rd_eabi.lib : int59.asm.obj (.int59)

COMP_B     0    0000fff8    00000002     
                  0000fff8    00000002     rts430x_lc_rd_eabi.lib : int60.asm.obj (.int60)

UNMI       0    0000fffa    00000002     
                  0000fffa    00000002     rts430x_lc_rd_eabi.lib : int61.asm.obj (.int61)

SYSNMI     0    0000fffc    00000002     
                  0000fffc    00000002     rts430x_lc_rd_eabi.lib : int62.asm.obj (.int62)

.reset     0    0000fffe    00000002     
                  0000fffe    00000002     rts430x_lc_rd_eabi.lib : boot.c.obj (.reset)

.text      0    00010000    00004740     
                  00010000    00000466     rts430x_lc_rd_eabi.lib : frcdivd.c.obj (.text:__TI_frcdivd)
                  00010466    0000034e                            : div64u.c.obj (.text:__mspabi_divull)
                  000107b4    000002e0                            : addd.c.obj (.text:__mspabi_addd)
                  00010a94    000002a6                            : _printfi.c.obj (.text:__TI_printfi)
                  00010d3a    00000280                            : frcmpyd.c.obj (.text:__TI_frcmpyd)
                  00010fba    0000027c     ssd1351.obj (.text:ssd1351_set_gray_scale_table)
                  00011236    0000027a     rts430x_lc_rd_eabi.lib : _printfi.c.obj (.text:_setfield)
                  000114b0    00000268                            : _printfi.c.obj (.text:_pproc_fgea)
                  00011718    00000266                            : mpyd.c.obj (.text:__mspabi_mpyd)
                  0001197e    00000248                            : frcaddd.c.obj (.text:__TI_frcaddd)
                  00011bc6    00000224                            : _printfi.c.obj (.text:acvt)
                  00011dea    00000222                            : divd.c.obj (.text:__mspabi_divd)
                  0001200c    0000020c                            : _printfi.c.obj (.text:_getarg_diouxp)
                  00012218    000001e6                            : _printfi.c.obj (.text:ecvt)
                  000123fe    000001cc     ssd1351.obj (.text:ssd1351_init)
                  000125ca    000001c8     rts430x_lc_rd_eabi.lib : _printfi.c.obj (.text:fcvt)
                  00012792    000001a2                            : _printfi.c.obj (.text:_pconv_e)
                  00012934    00000170                            : _printfi.c.obj (.text:_pconv_a)
                  00012aa4    0000015a                            : s_scalbn.c.obj (.text:scalbn)
                  00012bfe    00000148                            : _printfi.c.obj (.text:_pproc_diouxp)
                  00012d46    00000128                            : _printfi.c.obj (.text:_ltostr)
                  00012e6e    00000128     ssd1351.obj (.text:ssd1351_display_char)
                  00012f96    000000fc     rts430x_lc_rd_eabi.lib : _printfi.c.obj (.text:_pconv_g)
                  00013092    000000ea                            : _printfi.c.obj (.text:_pproc_fwp)
                  0001317c    000000d8                            : cmpd.c.obj (.text:__mspabi_cmpd)
                  00013254    000000c8                            : _printfi.c.obj (.text:_pproc_wstr)
                  0001331c    000000c4     user.obj (.text:display_temperature)
                  000133e0    000000b8     rts430x_lc_rd_eabi.lib : fs_mpy.asm.obj (.text)
                  00013498    000000b2                            : renormd.c.obj (.text:__TI_renormd)
                  0001354a    000000a6                            : _printfi.c.obj (.text:_pproc_str)
                  000135f0    000000a6                            : s_frexp.c.obj (.text:frexp)
                  00013696    0000009e                            : fltlid.c.obj (.text:__mspabi_fltlid)
                  00013734    00000090                            : _printfi.c.obj (.text:_ecpy)
                  000137c4    00000090                            : _printfi.c.obj (.text:_mcpy)
                  00013854    0000008c                            : cvtdf.c.obj (.text:__mspabi_cvtdf)
                  000138e0    0000008a     ssd1351.obj (.text:ssd1351_display_string)
                  0001396a    00000080     DS18B20.obj (.text:DS18B20_ReadTemp)
                  000139ea    00000080     rts430x_lc_rd_eabi.lib : _ltoa.c.obj (.text:__TI_ltoa)
                  00013a6a    00000078                            : _printfi.c.obj (.text:_pconv_f)
                  00013ae2    00000078     ssd1351.obj (.text:ssd1351_clear_gram)
                  00013b5a    00000076     rts430x_lc_rd_eabi.lib : copy_decompress_lzss.c.obj (.text:decompress:lzss:__TI_decompress_lzss)
                  00013bd0    0000006c     ssd1351.obj (.text:ssd1351_draw_point)
                  00013c3c    00000068     rts430x_lc_rd_eabi.lib : fs_toi.asm.obj (.text)
                  00013ca4    00000066                            : fixdli.c.obj (.text:__mspabi_fixdli)
                  00013d0a    00000064                            : cvtfd.c.obj (.text:__mspabi_cvtfd)
                  00013d6e    00000062                            : atoi.c.obj (.text:atoi)
                  00013dd0    00000060     ucs.obj (.text:ucs_init)
                  00013e30    00000058     rts430x_lc_rd_eabi.lib : div32u.asm.obj (.text)
                  00013e88    00000054                            : autoinit.c.obj (.text:__TI_auto_init_nobinit_nopinit_hold_wdt:__TI_auto_init_nobinit_nopinit_hold_wdt)
                  00013edc    0000004e                            : _printfi.c.obj (.text:_fcpy)
                  00013f2a    0000004e     ucs.obj (.text:set_vcore_up)
                  00013f78    00000046     DS18B20.obj (.text:DS18B20_WriteBit)
                  00013fbe    00000044     rts430x_lc_rd_eabi.lib : sprintf.c.obj (.text:sprintf)
                  00014002    00000042     user.obj (.text:trans_start)
                  00014044    00000040     rts430x_lc_rd_eabi.lib : div32s.asm.obj (.text)
                  00014084    0000003e     DS18B20.obj (.text:DS18B20_Init)
                  000140c2    0000003e     DS18B20.obj (.text:DS18B20_ReadBit)
                  00014100    0000003e     rts430x_lc_rd_eabi.lib : asr32.asm.obj (.text:l_asr_const)
                  0001413e    0000003e                            : lsl32.asm.obj (.text:l_lsl_const)
                  0001417c    0000003e                            : lsr32.asm.obj (.text:l_lsr_const)
                  000141ba    0000003a                            : lsl64.c.obj (.text:__mspabi_sllll)
                  000141f4    0000003a                            : lsr64.c.obj (.text:__mspabi_srlll)
                  0001422e    00000038     usci_a0_spi.obj (.text:usci_a0_spi_transmit_frame)
                  00014266    00000036     rts430x_lc_rd_eabi.lib : fs_itof.asm.obj (.text)
                  0001429c    00000034     usci_a0_spi.obj (.text:usci_a0_spi_init)
                  000142d0    00000032     rts430x_lc_rd_eabi.lib : subd.c.obj (.text:__mspabi_subd)
                  00014302    00000030     ssd1351.obj (.text:ssd1351_write_byte)
                  00014332    00000030     usci_b0_i2c.obj (.text:usci_b0_i2c_rx_isr_handle)
                  00014362    0000002e     rts430x_lc_rd_eabi.lib : negd.c.obj (.text:__mspabi_negd)
                  00014390    0000002e                            : s_copysign.c.obj (.text:copysign)
                  000143be    0000002c     main.obj (.text:main)
                  000143ea    0000002a     usci_a0_spi.obj (.text:usci_a0_spi_rx_isr_handle)
                  00014414    00000028     DS18B20.obj (.text:DS18B20_ReadByte)
                  0001443c    00000028     rts430x_lc_rd_eabi.lib : fixdi.c.obj (.text:__mspabi_fixdi)
                  00014464    00000028     usci_b0_i2c.obj (.text:usci_b0_i2c_tx_isr_handle)
                  0001448c    00000026     rts430x_lc_rd_eabi.lib : memccpy.c.obj (.text:memccpy)
                  000144b2    00000024                            : copy_zero_init.c.obj (.text:decompress:ZI:__TI_zero_init_nomemset:__TI_zero_init_nomemset)
                  000144d6    00000024                            : mult32_f5hw.asm.obj (.text)
                  000144fa    00000024     user.obj (.text:trans_temperature)
                  0001451e    00000024     usci_a0_spi.obj (.text:usci_a0_spi_tx_isr_handle)
                  00014542    00000022     usci_b1_spi.obj (.text:usci_b1_spi_tx_isr_handle)
                  00014564    00000020     rts430x_lc_rd_eabi.lib : sprintf.c.obj (.text:_outs)
                  00014584    0000001e     DS18B20.obj (.text:DS18B20_WriteByte)
                  000145a2    0000001e     user.obj (.text:user_loop)
                  000145c0    0000001c     rts430x_lc_rd_eabi.lib : strchr.c.obj (.text:strchr)
                  000145dc    0000001a     usci_b1_spi.obj (.text:usci_b1_spi_rx_isr_handle)
                  000145f6    00000018     rts430x_lc_rd_eabi.lib : mult16_f5hw.asm.obj (.text)
                  0001460e    00000016                            : memset.c.obj (.text:memset)
                  00014624    00000016                            : div16u.asm.obj (.text)
                  0001463a    00000016                            : wcslen.c.obj (.text:wcslen)
                  00014650    00000014     TIMER_INIT.obj (.text:TA0_CCR0_start)
                  00014664    00000014     TIMER_INIT.obj (.text:TA0_Init)
                  00014678    00000014     rts430x_lc_rd_eabi.lib : sprintf.c.obj (.text:_outc)
                  0001468c    00000014                            : memcpy.c.obj (.text:memcpy)
                  000146a0    00000012     TIMER_INIT.obj (.text:TA0_CCR0_stop)
                  000146b2    00000012     rts430x_lc_rd_eabi.lib : copy_decompress_none.c.obj (.text:decompress:none:__TI_decompress_none)
                  000146c4    00000012                            : toupper.c.obj (.text:toupper)
                  000146d6    00000010                            : asr32.asm.obj (.text:l_asr)
                  000146e6    00000010                            : lsl32.asm.obj (.text:l_lsl)
                  000146f6    00000010                            : lsr32.asm.obj (.text:l_lsr)
                  00014706    0000000e                            : strlen.c.obj (.text:strlen)
                  00014714    0000000c                            : fltid.c.obj (.text:__mspabi_fltid)
                  00014720    0000000a                            : abs.c.obj (.text:abs)
                  0001472a    0000000a     init.obj (.text:device_init)
                  00014734    00000006     rts430x_lc_rd_eabi.lib : exit.c.obj (.text:abort)
                  0001473a    00000004                            : pre_init.c.obj (.text:_system_pre_init)
                  0001473e    00000002                            : startup.c.obj (.text:_system_post_cinit)

MODULE SUMMARY

       Module                       code    ro data   rw data
       ------                       ----    -------   -------
    .\src\
       vector.obj                   88      8         0      
       main.obj                     44      0         0      
    +--+----------------------------+-------+---------+---------+
       Total:                       132     8         0      
                                                             
    .\src\device\
       DS18B20.obj                  392     0         0      
       usci_a0_spi.obj              186     0         10     
       ucs.obj                      174     0         0      
       usci_b0_i2c.obj              88      0         10     
       usci_b1_spi.obj              60      0         9      
    +--+----------------------------+-------+---------+---------+
       Total:                       900     0         29     
                                                             
    .\src\driver\
       ssd1351.obj                  1806    0         0      
    +--+----------------------------+-------+---------+---------+
       Total:                       1806    0         0      
                                                             
    .\src\system\
       fonts.obj                    0       11788     0      
       user.obj                     328     54        11     
       init.obj                     10      0         0      
    +--+----------------------------+-------+---------+---------+
       Total:                       338     11842     11     
                                                             
    .\src\user\
       ADC12_INIT.obj               76      2         66     
       TIMER_INIT.obj               68      2         0      
    +--+----------------------------+-------+---------+---------+
       Total:                       144     4         66     
                                                             
    C:\ti\ccs1010\ccs\tools\compiler\ti-cgt-msp430_20.2.1.LTS\lib\rts430x_lc_rd_eabi.lib
       _printfi.c.obj               6690    38        0      
       frcdivd.c.obj                1126    0         0      
       div64u.c.obj                 846     0         0      
       addd.c.obj                   736     0         0      
       frcmpyd.c.obj                640     0         0      
       mpyd.c.obj                   614     0         0      
       frcaddd.c.obj                584     0         0      
       divd.c.obj                   546     0         0      
       s_scalbn.c.obj               346     0         0      
       ctype.c.obj                  0       257       0      
       cmpd.c.obj                   216     0         0      
       fs_mpy.asm.obj               184     0         0      
       renormd.c.obj                178     0         0      
       s_frexp.c.obj                166     0         0      
       fltlid.c.obj                 158     0         0      
       cvtdf.c.obj                  140     0         0      
       _ltoa.c.obj                  128     0         0      
       sprintf.c.obj                120     0         0      
       copy_decompress_lzss.c.obj   118     0         0      
       fs_toi.asm.obj               104     0         0      
       fixdli.c.obj                 102     0         0      
       cvtfd.c.obj                  100     0         0      
       atoi.c.obj                   98      0         0      
       div32u.asm.obj               88      0         0      
       autoinit.c.obj               84      0         0      
       asr32.asm.obj                78      0         0      
       lsl32.asm.obj                78      0         0      
       lsr32.asm.obj                78      0         0      
       div32s.asm.obj               64      0         0      
       lsl64.c.obj                  58      0         0      
       lsr64.c.obj                  58      0         0      
       fs_itof.asm.obj              54      0         0      
       subd.c.obj                   50      0         0      
       negd.c.obj                   46      0         0      
       s_copysign.c.obj             46      0         0      
       fixdi.c.obj                  40      0         0      
       memccpy.c.obj                38      0         0      
       copy_zero_init.c.obj         36      0         0      
       mult32_f5hw.asm.obj          36      0         0      
       boot.c.obj                   28      2         0      
       strchr.c.obj                 28      0         0      
       mult16_f5hw.asm.obj          24      0         0      
       div16u.asm.obj               22      0         0      
       memset.c.obj                 22      0         0      
       wcslen.c.obj                 22      0         0      
       memcpy.c.obj                 20      0         0      
       copy_decompress_none.c.obj   18      0         0      
       toupper.c.obj                18      0         0      
       strlen.c.obj                 14      0         0      
       fltid.c.obj                  12      0         0      
       abs.c.obj                    10      0         0      
       isr_trap.asm.obj             8       0         0      
       exit.c.obj                   6       0         0      
       pre_init.c.obj               4       0         0      
       errno.c.obj                  0       0         2      
       int41.asm.obj                0       2         0      
       int42.asm.obj                0       2         0      
       int43.asm.obj                0       2         0      
       int44.asm.obj                0       2         0      
       int46.asm.obj                0       2         0      
       int47.asm.obj                0       2         0      
       int48.asm.obj                0       2         0      
       int49.asm.obj                0       2         0      
       int50.asm.obj                0       2         0      
       int51.asm.obj                0       2         0      
       int52.asm.obj                0       2         0      
       int58.asm.obj                0       2         0      
       int59.asm.obj                0       2         0      
       int60.asm.obj                0       2         0      
       int61.asm.obj                0       2         0      
       int62.asm.obj                0       2         0      
       startup.c.obj                2       0         0      
    +--+----------------------------+-------+---------+---------+
       Total:                       15130   329       2      
                                                             
       Stack:                       0       0         160    
       Linker Generated:            0       43        0      
    +--+----------------------------+-------+---------+---------+
       Grand Total:                 18450   12226     268    


LINKER GENERATED COPY TABLES

__TI_cinit_table @ 00007458 records: 2, size/record: 8, table size: 16
	.data: load addr=00007448, load size=00000009 bytes, run addr=00002458, run size=00000014 bytes, compression=lzss
	.bss: load addr=00007452, load size=00000006 bytes, run addr=00002400, run size=00000058 bytes, compression=zero_init


LINKER GENERATED HANDLER TABLE

__TI_handler_table @ 0000743c records: 3, size/record: 4, table size: 12
	index: 0, handler: __TI_zero_init
	index: 1, handler: __TI_decompress_lzss
	index: 2, handler: __TI_decompress_none


GLOBAL SYMBOLS: SORTED ALPHABETICALLY BY Name 

address   name                                   
-------   ----                                   
00002400  A0results                              
00002410  A1results                              
00002420  A2results                              
00002430  A3results                              
00000700  ADC12CTL0                              
00000701  ADC12CTL0_H                            
00000700  ADC12CTL0_L                            
00000702  ADC12CTL1                              
00000703  ADC12CTL1_H                            
00000702  ADC12CTL1_L                            
00000704  ADC12CTL2                              
00000705  ADC12CTL2_H                            
00000704  ADC12CTL2_L                            
0000070c  ADC12IE                                
0000070d  ADC12IE_H                              
0000070c  ADC12IE_L                              
0000070a  ADC12IFG                               
0000070b  ADC12IFG_H                             
0000070a  ADC12IFG_L                             
00004400  ADC12ISR                               
0000070e  ADC12IV                                
0000070f  ADC12IV_H                              
0000070e  ADC12IV_L                              
00000710  ADC12MCTL0                             
00000711  ADC12MCTL1                             
0000071a  ADC12MCTL10                            
0000071b  ADC12MCTL11                            
0000071c  ADC12MCTL12                            
0000071d  ADC12MCTL13                            
0000071e  ADC12MCTL14                            
0000071f  ADC12MCTL15                            
00000712  ADC12MCTL2                             
00000713  ADC12MCTL3                             
00000714  ADC12MCTL4                             
00000715  ADC12MCTL5                             
00000716  ADC12MCTL6                             
00000717  ADC12MCTL7                             
00000718  ADC12MCTL8                             
00000719  ADC12MCTL9                             
00000720  ADC12MEM0                              
00000721  ADC12MEM0_H                            
00000720  ADC12MEM0_L                            
00000722  ADC12MEM1                              
00000734  ADC12MEM10                             
00000735  ADC12MEM10_H                           
00000734  ADC12MEM10_L                           
00000736  ADC12MEM11                             
00000737  ADC12MEM11_H                           
00000736  ADC12MEM11_L                           
00000738  ADC12MEM12                             
00000739  ADC12MEM12_H                           
00000738  ADC12MEM12_L                           
0000073a  ADC12MEM13                             
0000073b  ADC12MEM13_H                           
0000073a  ADC12MEM13_L                           
0000073c  ADC12MEM14                             
0000073d  ADC12MEM14_H                           
0000073c  ADC12MEM14_L                           
0000073e  ADC12MEM15                             
0000073f  ADC12MEM15_H                           
0000073e  ADC12MEM15_L                           
00000723  ADC12MEM1_H                            
00000722  ADC12MEM1_L                            
00000724  ADC12MEM2                              
00000725  ADC12MEM2_H                            
00000724  ADC12MEM2_L                            
00000726  ADC12MEM3                              
00000727  ADC12MEM3_H                            
00000726  ADC12MEM3_L                            
00000728  ADC12MEM4                              
00000729  ADC12MEM4_H                            
00000728  ADC12MEM4_L                            
0000072a  ADC12MEM5                              
0000072b  ADC12MEM5_H                            
0000072a  ADC12MEM5_L                            
0000072c  ADC12MEM6                              
0000072d  ADC12MEM6_H                            
0000072c  ADC12MEM6_L                            
0000072e  ADC12MEM7                              
0000072f  ADC12MEM7_H                            
0000072e  ADC12MEM7_L                            
00000730  ADC12MEM8                              
00000731  ADC12MEM8_H                            
00000730  ADC12MEM8_L                            
00000732  ADC12MEM9                              
00000733  ADC12MEM9_H                            
00000732  ADC12MEM9_L                            
00014734  C$$EXIT                                
000008c0  CBCTL0                                 
000008c1  CBCTL0_H                               
000008c0  CBCTL0_L                               
000008c2  CBCTL1                                 
000008c3  CBCTL1_H                               
000008c2  CBCTL1_L                               
000008c4  CBCTL2                                 
000008c5  CBCTL2_H                               
000008c4  CBCTL2_L                               
000008c6  CBCTL3                                 
000008c7  CBCTL3_H                               
000008c6  CBCTL3_L                               
000008cc  CBINT                                  
000008cd  CBINT_H                                
000008cc  CBINT_L                                
000008ce  CBIV                                   
00000150  CRCDI                                  
00000152  CRCDIRB                                
00000153  CRCDIRB_H                              
00000152  CRCDIRB_L                              
00000151  CRCDI_H                                
00000150  CRCDI_L                                
00000154  CRCINIRES                              
00000155  CRCINIRES_H                            
00000154  CRCINIRES_L                            
00000156  CRCRESR                                
00000157  CRCRESR_H                              
00000156  CRCRESR_L                              
00000510  DMA0CTL                                
00000516  DMA0DA                                 
00000518  DMA0DAH                                
00000516  DMA0DAL                                
00000512  DMA0SA                                 
00000514  DMA0SAH                                
00000512  DMA0SAL                                
0000051a  DMA0SZ                                 
00000520  DMA1CTL                                
00000526  DMA1DA                                 
00000528  DMA1DAH                                
00000526  DMA1DAL                                
00000522  DMA1SA                                 
00000524  DMA1SAH                                
00000522  DMA1SAL                                
0000052a  DMA1SZ                                 
00000530  DMA2CTL                                
00000536  DMA2DA                                 
00000538  DMA2DAH                                
00000536  DMA2DAL                                
00000532  DMA2SA                                 
00000534  DMA2SAH                                
00000532  DMA2SAL                                
0000053a  DMA2SZ                                 
00000500  DMACTL0                                
00000502  DMACTL1                                
00000504  DMACTL2                                
00000506  DMACTL3                                
00000508  DMACTL4                                
0000050e  DMAIV                                  
00014084  DS18B20_Init                           
000140c2  DS18B20_ReadBit                        
00014414  DS18B20_ReadByte                       
0001396a  DS18B20_ReadTemp                       
00013f78  DS18B20_WriteBit                       
00014584  DS18B20_WriteByte                      
00000140  FCTL1                                  
00000141  FCTL1_H                                
00000140  FCTL1_L                                
00000144  FCTL3                                  
00000145  FCTL3_H                                
00000144  FCTL3_L                                
00000146  FCTL4                                  
00000147  FCTL4_H                                
00000146  FCTL4_L                                
000004c4  MAC                                    
000004da  MAC32H                                 
000004db  MAC32H_H                               
000004da  MAC32H_L                               
000004d8  MAC32L                                 
000004d9  MAC32L_H                               
000004d8  MAC32L_L                               
000004c6  MACS                                   
000004de  MACS32H                                
000004df  MACS32H_H                              
000004de  MACS32H_L                              
000004dc  MACS32L                                
000004dd  MACS32L_H                              
000004dc  MACS32L_L                              
000004c7  MACS_H                                 
000004c6  MACS_L                                 
000004c5  MAC_H                                  
000004c4  MAC_L                                  
000004c0  MPY                                    
000004ec  MPY32CTL0                              
000004ed  MPY32CTL0_H                            
000004ec  MPY32CTL0_L                            
000004d2  MPY32H                                 
000004d3  MPY32H_H                               
000004d2  MPY32H_L                               
000004d0  MPY32L                                 
000004d1  MPY32L_H                               
000004d0  MPY32L_L                               
000004c2  MPYS                                   
000004d6  MPYS32H                                
000004d7  MPYS32H_H                              
000004d6  MPYS32H_L                              
000004d4  MPYS32L                                
000004d5  MPYS32L_H                              
000004d4  MPYS32L_L                              
000004c3  MPYS_H                                 
000004c2  MPYS_L                                 
000004c1  MPY_H                                  
000004c0  MPY_L                                  
000004c8  OP2                                    
000004e2  OP2H                                   
000004e3  OP2H_H                                 
000004e2  OP2H_L                                 
000004e0  OP2L                                   
000004e1  OP2L_H                                 
000004e0  OP2L_L                                 
000004c9  OP2_H                                  
000004c8  OP2_L                                  
0000020e  P1IV                                   
0000021e  P2IV                                   
000001e0  P4MAP01                                
000001e1  P4MAP01_H                              
000001e0  P4MAP01_L                              
000001e2  P4MAP23                                
000001e3  P4MAP23_H                              
000001e2  P4MAP23_L                              
000001e4  P4MAP45                                
000001e5  P4MAP45_H                              
000001e4  P4MAP45_L                              
000001e6  P4MAP67                                
000001e7  P4MAP67_H                              
000001e6  P4MAP67_L                              
00000204  PADIR                                  
00000205  PADIR_H                                
00000204  PADIR_L                                
00000208  PADS                                   
00000209  PADS_H                                 
00000208  PADS_L                                 
0000021a  PAIE                                   
00000218  PAIES                                  
00000219  PAIES_H                                
00000218  PAIES_L                                
0000021b  PAIE_H                                 
0000021a  PAIE_L                                 
0000021c  PAIFG                                  
0000021d  PAIFG_H                                
0000021c  PAIFG_L                                
00000200  PAIN                                   
00000201  PAIN_H                                 
00000200  PAIN_L                                 
00000202  PAOUT                                  
00000203  PAOUT_H                                
00000202  PAOUT_L                                
00000206  PAREN                                  
00000207  PAREN_H                                
00000206  PAREN_L                                
0000020a  PASEL                                  
0000020b  PASEL_H                                
0000020a  PASEL_L                                
00000224  PBDIR                                  
00000225  PBDIR_H                                
00000224  PBDIR_L                                
00000228  PBDS                                   
00000229  PBDS_H                                 
00000228  PBDS_L                                 
00000220  PBIN                                   
00000221  PBIN_H                                 
00000220  PBIN_L                                 
00000222  PBOUT                                  
00000223  PBOUT_H                                
00000222  PBOUT_L                                
00000226  PBREN                                  
00000227  PBREN_H                                
00000226  PBREN_L                                
0000022a  PBSEL                                  
0000022b  PBSEL_H                                
0000022a  PBSEL_L                                
00000244  PCDIR                                  
00000245  PCDIR_H                                
00000244  PCDIR_L                                
00000248  PCDS                                   
00000249  PCDS_H                                 
00000248  PCDS_L                                 
00000240  PCIN                                   
00000241  PCIN_H                                 
00000240  PCIN_L                                 
00000242  PCOUT                                  
00000243  PCOUT_H                                
00000242  PCOUT_L                                
00000246  PCREN                                  
00000247  PCREN_H                                
00000246  PCREN_L                                
0000024a  PCSEL                                  
0000024b  PCSEL_H                                
0000024a  PCSEL_L                                
00000264  PDDIR                                  
00000265  PDDIR_H                                
00000264  PDDIR_L                                
00000268  PDDS                                   
00000269  PDDS_H                                 
00000268  PDDS_L                                 
00000260  PDIN                                   
00000261  PDIN_H                                 
00000260  PDIN_L                                 
00000262  PDOUT                                  
00000263  PDOUT_H                                
00000262  PDOUT_L                                
00000266  PDREN                                  
00000267  PDREN_H                                
00000266  PDREN_L                                
0000026a  PDSEL                                  
0000026b  PDSEL_H                                
0000026a  PDSEL_L                                
00000324  PJDIR                                  
00000325  PJDIR_H                                
00000324  PJDIR_L                                
00000328  PJDS                                   
00000329  PJDS_H                                 
00000328  PJDS_L                                 
00000320  PJIN                                   
00000321  PJIN_H                                 
00000320  PJIN_L                                 
00000322  PJOUT                                  
00000323  PJOUT_H                                
00000322  PJOUT_L                                
00000326  PJREN                                  
00000327  PJREN_H                                
00000326  PJREN_L                                
00000130  PM5CTL0                                
00000131  PM5CTL0_H                              
00000130  PM5CTL0_L                              
000001c2  PMAPCTL                                
000001c3  PMAPCTL_H                              
000001c2  PMAPCTL_L                              
000001c0  PMAPKEYID                              
000001c1  PMAPKEYID_H                            
000001c0  PMAPKEYID_L                            
00000120  PMMCTL0                                
00000121  PMMCTL0_H                              
00000120  PMMCTL0_L                              
00000122  PMMCTL1                                
00000123  PMMCTL1_H                              
00000122  PMMCTL1_L                              
0000012c  PMMIFG                                 
0000012d  PMMIFG_H                               
0000012c  PMMIFG_L                               
0000012e  PMMRIE                                 
0000012f  PMMRIE_H                               
0000012e  PMMRIE_L                               
00000158  RCCTL0                                 
00000159  RCCTL0_H                               
00000158  RCCTL0_L                               
000001b0  REFCTL0                                
000001b1  REFCTL0_H                              
000001b0  REFCTL0_L                              
000004e4  RES0                                   
000004e5  RES0_H                                 
000004e4  RES0_L                                 
000004e6  RES1                                   
000004e7  RES1_H                                 
000004e6  RES1_L                                 
000004e8  RES2                                   
000004e9  RES2_H                                 
000004e8  RES2_L                                 
000004ea  RES3                                   
000004eb  RES3_H                                 
000004ea  RES3_L                                 
000004cc  RESHI                                  
000004cd  RESHI_H                                
000004cc  RESHI_L                                
000004ca  RESLO                                  
000004cb  RESLO_H                                
000004ca  RESLO_L                                
000004ba  RTCADOWDAY                             
000004bb  RTCADOWDAY_H                           
000004ba  RTCADOWDAY_L                           
000004b8  RTCAMINHR                              
000004b9  RTCAMINHR_H                            
000004b8  RTCAMINHR_L                            
000004a0  RTCCTL01                               
000004a1  RTCCTL01_H                             
000004a0  RTCCTL01_L                             
000004a2  RTCCTL23                               
000004a3  RTCCTL23_H                             
000004a2  RTCCTL23_L                             
000004b4  RTCDATE                                
000004b5  RTCDATE_H                              
000004b4  RTCDATE_L                              
000004ae  RTCIV                                  
000004ac  RTCPS                                  
000004a8  RTCPS0CTL                              
000004a9  RTCPS0CTL_H                            
000004a8  RTCPS0CTL_L                            
000004aa  RTCPS1CTL                              
000004ab  RTCPS1CTL_H                            
000004aa  RTCPS1CTL_L                            
000004ad  RTCPS_H                                
000004ac  RTCPS_L                                
000004b0  RTCTIM0                                
000004b1  RTCTIM0_H                              
000004b0  RTCTIM0_L                              
000004b2  RTCTIM1                                
000004b3  RTCTIM1_H                              
000004b2  RTCTIM1_L                              
000004b6  RTCYEAR                                
000004b7  RTCYEAR_H                              
000004b6  RTCYEAR_L                              
00000100  SFRIE1                                 
00000101  SFRIE1_H                               
00000100  SFRIE1_L                               
00000102  SFRIFG1                                
00000103  SFRIFG1_H                              
00000102  SFRIFG1_L                              
00000104  SFRRPCR                                
00000105  SFRRPCR_H                              
00000104  SFRRPCR_L                              
000004ce  SUMEXT                                 
000004cf  SUMEXT_H                               
000004ce  SUMEXT_L                               
00000124  SVSMHCTL                               
00000125  SVSMHCTL_H                             
00000124  SVSMHCTL_L                             
00000128  SVSMIO                                 
00000129  SVSMIO_H                               
00000128  SVSMIO_L                               
00000126  SVSMLCTL                               
00000127  SVSMLCTL_H                             
00000126  SVSMLCTL_L                             
00000198  SYSBERRIV                              
00000199  SYSBERRIV_H                            
00000198  SYSBERRIV_L                            
00000182  SYSBSLC                                
00000183  SYSBSLC_H                              
00000182  SYSBSLC_L                              
00000180  SYSCTL                                 
00000181  SYSCTL_H                               
00000180  SYSCTL_L                               
00000186  SYSJMBC                                
00000187  SYSJMBC_H                              
00000186  SYSJMBC_L                              
00000188  SYSJMBI0                               
00000189  SYSJMBI0_H                             
00000188  SYSJMBI0_L                             
0000018a  SYSJMBI1                               
0000018b  SYSJMBI1_H                             
0000018a  SYSJMBI1_L                             
0000018c  SYSJMBO0                               
0000018d  SYSJMBO0_H                             
0000018c  SYSJMBO0_L                             
0000018e  SYSJMBO1                               
0000018f  SYSJMBO1_H                             
0000018e  SYSJMBO1_L                             
0000019e  SYSRSTIV                               
0000019f  SYSRSTIV_H                             
0000019e  SYSRSTIV_L                             
0000019c  SYSSNIV                                
0000019d  SYSSNIV_H                              
0000019c  SYSSNIV_L                              
0000019a  SYSUNIV                                
0000019b  SYSUNIV_H                              
0000019a  SYSUNIV_L                              
00000352  TA0CCR0                                
00000354  TA0CCR1                                
00000356  TA0CCR2                                
00000358  TA0CCR3                                
0000035a  TA0CCR4                                
00000342  TA0CCTL0                               
00000344  TA0CCTL1                               
00000346  TA0CCTL2                               
00000348  TA0CCTL3                               
0000034a  TA0CCTL4                               
00000340  TA0CTL                                 
00000360  TA0EX0                                 
0000036e  TA0IV                                  
00000350  TA0R                                   
00014650  TA0_CCR0_start                         
000146a0  TA0_CCR0_stop                          
00014664  TA0_Init                               
00000392  TA1CCR0                                
00000394  TA1CCR1                                
00000396  TA1CCR2                                
00000382  TA1CCTL0                               
00000384  TA1CCTL1                               
00000386  TA1CCTL2                               
00000380  TA1CTL                                 
000003a0  TA1EX0                                 
000003ae  TA1IV                                  
00000390  TA1R                                   
00000412  TA2CCR0                                
00000414  TA2CCR1                                
00000416  TA2CCR2                                
00000402  TA2CCTL0                               
00000404  TA2CCTL1                               
00000406  TA2CCTL2                               
00000400  TA2CTL                                 
00000420  TA2EX0                                 
0000042e  TA2IV                                  
00000410  TA2R                                   
000003d2  TB0CCR0                                
000003d4  TB0CCR1                                
000003d6  TB0CCR2                                
000003d8  TB0CCR3                                
000003da  TB0CCR4                                
000003dc  TB0CCR5                                
000003de  TB0CCR6                                
000003c2  TB0CCTL0                               
000003c4  TB0CCTL1                               
000003c6  TB0CCTL2                               
000003c8  TB0CCTL3                               
000003ca  TB0CCTL4                               
000003cc  TB0CCTL5                               
000003ce  TB0CCTL6                               
000003c0  TB0CTL                                 
000003e0  TB0EX0                                 
000003ee  TB0IV                                  
000003d0  TB0R                                   
000044be  TIMER0_A0_ISR                          
000005d0  UCA0ABCTL                              
000005c6  UCA0BRW                                
000005c7  UCA0BRW_H                              
000005c6  UCA0BRW_L                              
000005c0  UCA0CTLW0                              
000005c1  UCA0CTLW0_H                            
000005c0  UCA0CTLW0_L                            
000005dc  UCA0ICTL                               
000005dd  UCA0ICTL_H                             
000005dc  UCA0ICTL_L                             
000005d2  UCA0IRCTL                              
000005d3  UCA0IRCTL_H                            
000005d2  UCA0IRCTL_L                            
000005de  UCA0IV                                 
000005c8  UCA0MCTL                               
000005cc  UCA0RXBUF                              
000005ca  UCA0STAT                               
000005ce  UCA0TXBUF                              
00000610  UCA1ABCTL                              
00000606  UCA1BRW                                
00000607  UCA1BRW_H                              
00000606  UCA1BRW_L                              
00000600  UCA1CTLW0                              
00000601  UCA1CTLW0_H                            
00000600  UCA1CTLW0_L                            
0000061c  UCA1ICTL                               
0000061d  UCA1ICTL_H                             
0000061c  UCA1ICTL_L                             
00000612  UCA1IRCTL                              
00000613  UCA1IRCTL_H                            
00000612  UCA1IRCTL_L                            
0000061e  UCA1IV                                 
00000608  UCA1MCTL                               
0000060c  UCA1RXBUF                              
0000060a  UCA1STAT                               
0000060e  UCA1TXBUF                              
000005e6  UCB0BRW                                
000005e7  UCB0BRW_H                              
000005e6  UCB0BRW_L                              
000005e0  UCB0CTLW0                              
000005e1  UCB0CTLW0_H                            
000005e0  UCB0CTLW0_L                            
000005f0  UCB0I2COA                              
000005f1  UCB0I2COA_H                            
000005f0  UCB0I2COA_L                            
000005f2  UCB0I2CSA                              
000005f3  UCB0I2CSA_H                            
000005f2  UCB0I2CSA_L                            
000005fc  UCB0ICTL                               
000005fd  UCB0ICTL_H                             
000005fc  UCB0ICTL_L                             
000005fe  UCB0IV                                 
000005ec  UCB0RXBUF                              
000005ea  UCB0STAT                               
000005ee  UCB0TXBUF                              
00000626  UCB1BRW                                
00000627  UCB1BRW_H                              
00000626  UCB1BRW_L                              
00000620  UCB1CTLW0                              
00000621  UCB1CTLW0_H                            
00000620  UCB1CTLW0_L                            
00000630  UCB1I2COA                              
00000631  UCB1I2COA_H                            
00000630  UCB1I2COA_L                            
00000632  UCB1I2CSA                              
00000633  UCB1I2CSA_H                            
00000632  UCB1I2CSA_L                            
0000063c  UCB1ICTL                               
0000063d  UCB1ICTL_H                             
0000063c  UCB1ICTL_L                             
0000063e  UCB1IV                                 
0000062c  UCB1RXBUF                              
0000062a  UCB1STAT                               
0000062e  UCB1TXBUF                              
00000160  UCSCTL0                                
00000161  UCSCTL0_H                              
00000160  UCSCTL0_L                              
00000162  UCSCTL1                                
00000163  UCSCTL1_H                              
00000162  UCSCTL1_L                              
00000164  UCSCTL2                                
00000165  UCSCTL2_H                              
00000164  UCSCTL2_L                              
00000166  UCSCTL3                                
00000167  UCSCTL3_H                              
00000166  UCSCTL3_L                              
00000168  UCSCTL4                                
00000169  UCSCTL4_H                              
00000168  UCSCTL4_L                              
0000016a  UCSCTL5                                
0000016b  UCSCTL5_H                              
0000016a  UCSCTL5_L                              
0000016c  UCSCTL6                                
0000016d  UCSCTL6_H                              
0000016c  UCSCTL6_L                              
0000016e  UCSCTL7                                
0000016f  UCSCTL7_H                              
0000016e  UCSCTL7_L                              
00000170  UCSCTL8                                
00000171  UCSCTL8_H                              
00000170  UCSCTL8_L                              
00000902  USBCNF                                 
00000903  USBCNF_H                               
00000902  USBCNF_L                               
0000093c  USBCTL                                 
0000093a  USBFN                                  
0000093b  USBFN_H                                
0000093a  USBFN_L                                
0000093f  USBFUNADR                              
0000093d  USBIE                                  
00002378  USBIEP0BUF                             
000023c9  USBIEPBBAX_1                           
000023d1  USBIEPBBAX_2                           
000023d9  USBIEPBBAX_3                           
000023e1  USBIEPBBAX_4                           
000023e9  USBIEPBBAX_5                           
000023f1  USBIEPBBAX_6                           
000023f9  USBIEPBBAX_7                           
000023cd  USBIEPBBAY_1                           
000023d5  USBIEPBBAY_2                           
000023dd  USBIEPBBAY_3                           
000023e5  USBIEPBBAY_4                           
000023ed  USBIEPBBAY_5                           
000023f5  USBIEPBBAY_6                           
000023fd  USBIEPBBAY_7                           
000023ca  USBIEPBCTX_1                           
000023d2  USBIEPBCTX_2                           
000023da  USBIEPBCTX_3                           
000023e2  USBIEPBCTX_4                           
000023ea  USBIEPBCTX_5                           
000023f2  USBIEPBCTX_6                           
000023fa  USBIEPBCTX_7                           
000023ce  USBIEPBCTY_1                           
000023d6  USBIEPBCTY_2                           
000023de  USBIEPBCTY_3                           
000023e6  USBIEPBCTY_4                           
000023ee  USBIEPBCTY_5                           
000023f6  USBIEPBCTY_6                           
000023fe  USBIEPBCTY_7                           
00000920  USBIEPCNF_0                            
000023c8  USBIEPCNF_1                            
000023d0  USBIEPCNF_2                            
000023d8  USBIEPCNF_3                            
000023e0  USBIEPCNF_4                            
000023e8  USBIEPCNF_5                            
000023f0  USBIEPCNF_6                            
000023f8  USBIEPCNF_7                            
00000921  USBIEPCNT_0                            
0000092e  USBIEPIE                               
00000930  USBIEPIFG                              
000023cf  USBIEPSIZXY_1                          
000023d7  USBIEPSIZXY_2                          
000023df  USBIEPSIZXY_3                          
000023e7  USBIEPSIZXY_4                          
000023ef  USBIEPSIZXY_5                          
000023f7  USBIEPSIZXY_6                          
000023ff  USBIEPSIZXY_7                          
0000093e  USBIFG                                 
00000900  USBKEYID                               
00000901  USBKEYID_H                             
00000900  USBKEYID_L                             
00000936  USBMAINT                               
00000937  USBMAINT_H                             
00000936  USBMAINT_L                             
00002370  USBOEP0BUF                             
00002389  USBOEPBBAX_1                           
00002391  USBOEPBBAX_2                           
00002399  USBOEPBBAX_3                           
000023a1  USBOEPBBAX_4                           
000023a9  USBOEPBBAX_5                           
000023b1  USBOEPBBAX_6                           
000023b9  USBOEPBBAX_7                           
0000238d  USBOEPBBAY_1                           
00002395  USBOEPBBAY_2                           
0000239d  USBOEPBBAY_3                           
000023a5  USBOEPBBAY_4                           
000023ad  USBOEPBBAY_5                           
000023b5  USBOEPBBAY_6                           
000023bd  USBOEPBBAY_7                           
0000238a  USBOEPBCTX_1                           
00002392  USBOEPBCTX_2                           
0000239a  USBOEPBCTX_3                           
000023a2  USBOEPBCTX_4                           
000023aa  USBOEPBCTX_5                           
000023b2  USBOEPBCTX_6                           
000023ba  USBOEPBCTX_7                           
0000238e  USBOEPBCTY_1                           
00002396  USBOEPBCTY_2                           
0000239e  USBOEPBCTY_3                           
000023a6  USBOEPBCTY_4                           
000023ae  USBOEPBCTY_5                           
000023b6  USBOEPBCTY_6                           
000023be  USBOEPBCTY_7                           
00000922  USBOEPCNF_0                            
00002388  USBOEPCNF_1                            
00002390  USBOEPCNF_2                            
00002398  USBOEPCNF_3                            
000023a0  USBOEPCNF_4                            
000023a8  USBOEPCNF_5                            
000023b0  USBOEPCNF_6                            
000023b8  USBOEPCNF_7                            
00000923  USBOEPCNT_0                            
0000092f  USBOEPIE                               
00000931  USBOEPIFG                              
0000238f  USBOEPSIZXY_1                          
00002397  USBOEPSIZXY_2                          
0000239f  USBOEPSIZXY_3                          
000023a7  USBOEPSIZXY_4                          
000023af  USBOEPSIZXY_5                          
000023b7  USBOEPSIZXY_6                          
000023bf  USBOEPSIZXY_7                          
00000904  USBPHYCTL                              
00000905  USBPHYCTL_H                            
00000904  USBPHYCTL_L                            
00000910  USBPLLCTL                              
00000911  USBPLLCTL_H                            
00000910  USBPLLCTL_L                            
00000912  USBPLLDIVB                             
00000913  USBPLLDIVB_H                           
00000912  USBPLLDIVB_L                           
00000914  USBPLLIR                               
00000915  USBPLLIR_H                             
00000914  USBPLLIR_L                             
00000908  USBPWRCTL                              
00000909  USBPWRCTL_H                            
00000908  USBPWRCTL_L                            
00001c00  USBSTABUFF                             
00002380  USBSUBLK                               
0000236f  USBTOPBUFF                             
00000938  USBTSREG                               
00000939  USBTSREG_H                             
00000938  USBTSREG_L                             
00000932  USBVECINT                              
00000933  USBVECINT_H                            
00000932  USBVECINT_L                            
0000446a  USCI_A0_ISR                            
0000444c  USCI_B0_ISR                            
00004486  USCI_B1_ISR                            
0000015c  WDTCTL                                 
0000015d  WDTCTL_H                               
0000015c  WDTCTL_L                               
000044d0  WDT_ISR                                
00004400  __STACK_END                            
000000a0  __STACK_SIZE                           
00007458  __TI_CINIT_Base                        
00007468  __TI_CINIT_Limit                       
0000743c  __TI_Handler_Table_Base                
00007448  __TI_Handler_Table_Limit               
000044c8  __TI_ISR_TRAP                          
00013e88  __TI_auto_init_nobinit_nopinit_hold_wdt
00013b5a  __TI_decompress_lzss                   
000146b2  __TI_decompress_none                   
0001197e  __TI_frcaddd                           
00010000  __TI_frcdivd                           
00010d3a  __TI_frcmpyd                           
0000ffd2  __TI_int41                             
0000ffd4  __TI_int42                             
0000ffd6  __TI_int43                             
0000ffd8  __TI_int44                             
0000ffda  __TI_int45                             
0000ffdc  __TI_int46                             
0000ffde  __TI_int47                             
0000ffe0  __TI_int48                             
0000ffe2  __TI_int49                             
0000ffe4  __TI_int50                             
0000ffe6  __TI_int51                             
0000ffe8  __TI_int52                             
0000ffea  __TI_int53                             
0000ffec  __TI_int54                             
0000ffee  __TI_int55                             
0000fff0  __TI_int56                             
0000fff2  __TI_int57                             
0000fff4  __TI_int58                             
0000fff6  __TI_int59                             
0000fff8  __TI_int60                             
0000fffa  __TI_int61                             
0000fffc  __TI_int62                             
000139ea  __TI_ltoa                              
ffffffff  __TI_pprof_out_hndl                    
00010a94  __TI_printfi                           
ffffffff  __TI_prof_data_size                    
ffffffff  __TI_prof_data_start                   
00013498  __TI_renormd                           
000144b2  __TI_zero_init_nomemset                
ffffffff  __c_args__                             
000107b4  __mspabi_addd                          
0001317c  __mspabi_cmpd                          
00013854  __mspabi_cvtdf                         
00013d0a  __mspabi_cvtfd                         
00011dea  __mspabi_divd                          
00014044  __mspabi_divli                         
00014624  __mspabi_divu                          
00013e30  __mspabi_divul                         
00010466  __mspabi_divull                        
0001443c  __mspabi_fixdi                         
00013ca4  __mspabi_fixdli                        
00013c3c  __mspabi_fixfi                         
00014714  __mspabi_fltid                         
00014266  __mspabi_fltif                         
00013696  __mspabi_fltlid                        
00011718  __mspabi_mpyd                          
000133e0  __mspabi_mpyf                          
000145f6  __mspabi_mpyi_f5hw                     
000144d6  __mspabi_mpyl_f5hw                     
00014362  __mspabi_negd                          
00014044  __mspabi_remli                         
00014624  __mspabi_remu                          
00013e30  __mspabi_remul                         
000146e6  __mspabi_slll                          
00014176  __mspabi_slll_1                        
00014152  __mspabi_slll_10                       
0001414e  __mspabi_slll_11                       
0001414a  __mspabi_slll_12                       
00014146  __mspabi_slll_13                       
00014142  __mspabi_slll_14                       
0001413e  __mspabi_slll_15                       
00014172  __mspabi_slll_2                        
0001416e  __mspabi_slll_3                        
0001416a  __mspabi_slll_4                        
00014166  __mspabi_slll_5                        
00014162  __mspabi_slll_6                        
0001415e  __mspabi_slll_7                        
0001415a  __mspabi_slll_8                        
00014156  __mspabi_slll_9                        
000141ba  __mspabi_sllll                         
000146d6  __mspabi_sral                          
00014138  __mspabi_sral_1                        
00014114  __mspabi_sral_10                       
00014110  __mspabi_sral_11                       
0001410c  __mspabi_sral_12                       
00014108  __mspabi_sral_13                       
00014104  __mspabi_sral_14                       
00014100  __mspabi_sral_15                       
00014134  __mspabi_sral_2                        
00014130  __mspabi_sral_3                        
0001412c  __mspabi_sral_4                        
00014128  __mspabi_sral_5                        
00014124  __mspabi_sral_6                        
00014120  __mspabi_sral_7                        
0001411c  __mspabi_sral_8                        
00014118  __mspabi_sral_9                        
000146f6  __mspabi_srll                          
000141b4  __mspabi_srll_1                        
00014190  __mspabi_srll_10                       
0001418c  __mspabi_srll_11                       
00014188  __mspabi_srll_12                       
00014184  __mspabi_srll_13                       
00014180  __mspabi_srll_14                       
0001417c  __mspabi_srll_15                       
000141b0  __mspabi_srll_2                        
000141ac  __mspabi_srll_3                        
000141a8  __mspabi_srll_4                        
000141a4  __mspabi_srll_5                        
000141a0  __mspabi_srll_6                        
0001419c  __mspabi_srll_7                        
00014198  __mspabi_srll_8                        
00014194  __mspabi_srll_9                        
000141f4  __mspabi_srlll                         
000142d0  __mspabi_subd                          
000044a2  _c_int00_noargs                        
000072d6  _ctypes_                               
0000fffe  _reset_vector                          
00004360  _stack                                 
0001473e  _system_post_cinit                     
0001473a  _system_pre_init                       
00014734  abort                                  
00014720  abs                                    
00013d6e  atoi                                   
00006e62  c_chFont1206                           
00006872  c_chFont1608                           
00005c92  c_chFont1616                           
000044d2  c_chFont3216                           
0000245a  confirm                                
00014390  copysign                               
00014390  copysignl                              
0001472a  device_init                            
0001331c  display_temperature                    
000123fe  driver_init                            
00002466  errno                                  
00007434  fonts_height                           
00007438  fonts_width                            
000135f0  frexp                                  
000135f0  frexpl                                 
00002458  jiantou                                
00002459  jiemian                                
00012aa4  ldexp                                  
00012aa4  ldexpl                                 
000143be  main                                   
0001448c  memccpy                                
0001468c  memcpy                                 
0001460e  memset                                 
00012aa4  scalbn                                 
00012aa4  scalbnl                                
00013fbe  sprintf                                
00013ae2  ssd1351_clear_gram                     
00012e6e  ssd1351_display_char                   
000138e0  ssd1351_display_string                 
00013bd0  ssd1351_draw_point                     
000123fe  ssd1351_init                           
000145c0  strchr                                 
00014706  strlen                                 
0000245b  temp_ready                             
000146c4  toupper                                
0000245c  trans_complete_flag                    
00014002  trans_start                            
000144fa  trans_temperature                      
0000245e  transtemp                              
00013dd0  ucs_init                               
0001429c  usci_a0_spi_init                       
000143ea  usci_a0_spi_rx_isr_handle              
0001422e  usci_a0_spi_transmit_frame             
0001451e  usci_a0_spi_tx_isr_handle              
00014332  usci_b0_i2c_rx_isr_handle              
00014464  usci_b0_i2c_tx_isr_handle              
000145dc  usci_b1_spi_rx_isr_handle              
00014542  usci_b1_spi_tx_isr_handle              
000145a2  user_loop                              
0001463a  wcslen                                 


GLOBAL SYMBOLS: SORTED BY Symbol Address 

address   name                                   
-------   ----                                   
000000a0  __STACK_SIZE                           
00000100  SFRIE1                                 
00000100  SFRIE1_L                               
00000101  SFRIE1_H                               
00000102  SFRIFG1                                
00000102  SFRIFG1_L                              
00000103  SFRIFG1_H                              
00000104  SFRRPCR                                
00000104  SFRRPCR_L                              
00000105  SFRRPCR_H                              
00000120  PMMCTL0                                
00000120  PMMCTL0_L                              
00000121  PMMCTL0_H                              
00000122  PMMCTL1                                
00000122  PMMCTL1_L                              
00000123  PMMCTL1_H                              
00000124  SVSMHCTL                               
00000124  SVSMHCTL_L                             
00000125  SVSMHCTL_H                             
00000126  SVSMLCTL                               
00000126  SVSMLCTL_L                             
00000127  SVSMLCTL_H                             
00000128  SVSMIO                                 
00000128  SVSMIO_L                               
00000129  SVSMIO_H                               
0000012c  PMMIFG                                 
0000012c  PMMIFG_L                               
0000012d  PMMIFG_H                               
0000012e  PMMRIE                                 
0000012e  PMMRIE_L                               
0000012f  PMMRIE_H                               
00000130  PM5CTL0                                
00000130  PM5CTL0_L                              
00000131  PM5CTL0_H                              
00000140  FCTL1                                  
00000140  FCTL1_L                                
00000141  FCTL1_H                                
00000144  FCTL3                                  
00000144  FCTL3_L                                
00000145  FCTL3_H                                
00000146  FCTL4                                  
00000146  FCTL4_L                                
00000147  FCTL4_H                                
00000150  CRCDI                                  
00000150  CRCDI_L                                
00000151  CRCDI_H                                
00000152  CRCDIRB                                
00000152  CRCDIRB_L                              
00000153  CRCDIRB_H                              
00000154  CRCINIRES                              
00000154  CRCINIRES_L                            
00000155  CRCINIRES_H                            
00000156  CRCRESR                                
00000156  CRCRESR_L                              
00000157  CRCRESR_H                              
00000158  RCCTL0                                 
00000158  RCCTL0_L                               
00000159  RCCTL0_H                               
0000015c  WDTCTL                                 
0000015c  WDTCTL_L                               
0000015d  WDTCTL_H                               
00000160  UCSCTL0                                
00000160  UCSCTL0_L                              
00000161  UCSCTL0_H                              
00000162  UCSCTL1                                
[...]
0000071a  ADC12MCTL10                            
0000071b  ADC12MCTL11                            
0000071c  ADC12MCTL12                            
0000071d  ADC12MCTL13                            
0000071e  ADC12MCTL14                            
0000071f  ADC12MCTL15                            
00000720  ADC12MEM0                              
00000720  ADC12MEM0_L                            
00000721  ADC12MEM0_H                            
00000722  ADC12MEM1                              
00000722  ADC12MEM1_L                            
00000723  ADC12MEM1_H                            
00000724  ADC12MEM2                              
00000724  ADC12MEM2_L                            
00000725  ADC12MEM2_H                            
00000726  ADC12MEM3                              
00000726  ADC12MEM3_L                            
00000727  ADC12MEM3_H                            
00000728  ADC12MEM4                              
00000728  ADC12MEM4_L                            
00000729  ADC12MEM4_H                            
0000072a  ADC12MEM5                              
0000072a  ADC12MEM5_L                            
0000072b  ADC12MEM5_H                            
0000072c  ADC12MEM6                              
0000072c  ADC12MEM6_L                            
0000072d  ADC12MEM6_H                            
0000072e  ADC12MEM7                              
0000072e  ADC12MEM7_L                            
0000072f  ADC12MEM7_H                            
00000730  ADC12MEM8                              
00000730  ADC12MEM8_L                            
00000731  ADC12MEM8_H                            
00000732  ADC12MEM9                              
00000732  ADC12MEM9_L                            
00000733  ADC12MEM9_H                            
00000734  ADC12MEM10                             
00000734  ADC12MEM10_L                           
00000735  ADC12MEM10_H                           
00000736  ADC12MEM11                             
00000736  ADC12MEM11_L                           
00000737  ADC12MEM11_H                           
00000738  ADC12MEM12                             
00000738  ADC12MEM12_L                           
00000739  ADC12MEM12_H                           
0000073a  ADC12MEM13                             
0000073a  ADC12MEM13_L                           
0000073b  ADC12MEM13_H                           
0000073c  ADC12MEM14                             
0000073c  ADC12MEM14_L                           
0000073d  ADC12MEM14_H                           
0000073e  ADC12MEM15                             
0000073e  ADC12MEM15_L                           
0000073f  ADC12MEM15_H                           
000008c0  CBCTL0                                 
000008c0  CBCTL0_L                               
000008c1  CBCTL0_H                               
000008c2  CBCTL1                                 
000008c2  CBCTL1_L                               
000008c3  CBCTL1_H                               
000008c4  CBCTL2                                 
000008c4  CBCTL2_L                               
000008c5  CBCTL2_H                               
000008c6  CBCTL3                                 
000008c6  CBCTL3_L                               
000008c7  CBCTL3_H                               
000008cc  CBINT                                  
000008cc  CBINT_L                                
000008cd  CBINT_H                                
000008ce  CBIV                                   
00000900  USBKEYID                               
00000900  USBKEYID_L                             
00000901  USBKEYID_H                             
00000902  USBCNF                                 
00000902  USBCNF_L                               
00000903  USBCNF_H                               
00000904  USBPHYCTL                              
00000904  USBPHYCTL_L                            
00000905  USBPHYCTL_H                            
00000908  USBPWRCTL                              
00000908  USBPWRCTL_L                            
00000909  USBPWRCTL_H                            
00000910  USBPLLCTL                              
00000910  USBPLLCTL_L                            
00000911  USBPLLCTL_H                            
00000912  USBPLLDIVB                             
00000912  USBPLLDIVB_L                           
00000913  USBPLLDIVB_H                           
00000914  USBPLLIR                               
00000914  USBPLLIR_L                             
00000915  USBPLLIR_H                             
00000920  USBIEPCNF_0                            
00000921  USBIEPCNT_0                            
00000922  USBOEPCNF_0                            
00000923  USBOEPCNT_0                            
0000092e  USBIEPIE                               
0000092f  USBOEPIE                               
00000930  USBIEPIFG                              
00000931  USBOEPIFG                              
00000932  USBVECINT                              
00000932  USBVECINT_L                            
00000933  USBVECINT_H                            
00000936  USBMAINT                               
00000936  USBMAINT_L                             
00000937  USBMAINT_H                             
00000938  USBTSREG                               
00000938  USBTSREG_L                             
00000939  USBTSREG_H                             
0000093a  USBFN                                  
0000093a  USBFN_L                                
0000093b  USBFN_H                                
0000093c  USBCTL                                 
0000093d  USBIE                                  
0000093e  USBIFG                                 
0000093f  USBFUNADR                              
00001c00  USBSTABUFF                             
0000236f  USBTOPBUFF                             
00002370  USBOEP0BUF                             
00002378  USBIEP0BUF                             
00002380  USBSUBLK                               
00002388  USBOEPCNF_1                            
00002389  USBOEPBBAX_1                           
0000238a  USBOEPBCTX_1                           
0000238d  USBOEPBBAY_1                           
0000238e  USBOEPBCTY_1                           
0000238f  USBOEPSIZXY_1                          
00002390  USBOEPCNF_2                            
00002391  USBOEPBBAX_2                           
00002392  USBOEPBCTX_2                           
00002395  USBOEPBBAY_2                           
00002396  USBOEPBCTY_2                           
00002397  USBOEPSIZXY_2                          
00002398  USBOEPCNF_3                            
00002399  USBOEPBBAX_3                           
0000239a  USBOEPBCTX_3                           
0000239d  USBOEPBBAY_3                           
0000239e  USBOEPBCTY_3                           
0000239f  USBOEPSIZXY_3                          
000023a0  USBOEPCNF_4                            
000023a1  USBOEPBBAX_4                           
000023a2  USBOEPBCTX_4                           
000023a5  USBOEPBBAY_4                           
000023a6  USBOEPBCTY_4                           
000023a7  USBOEPSIZXY_4                          
000023a8  USBOEPCNF_5                            
000023a9  USBOEPBBAX_5                           
000023aa  USBOEPBCTX_5                           
000023ad  USBOEPBBAY_5                           
000023ae  USBOEPBCTY_5                           
000023af  USBOEPSIZXY_5                          
000023b0  USBOEPCNF_6                            
000023b1  USBOEPBBAX_6                           
000023b2  USBOEPBCTX_6                           
000023b5  USBOEPBBAY_6                           
000023b6  USBOEPBCTY_6                           
000023b7  USBOEPSIZXY_6                          
000023b8  USBOEPCNF_7                            
000023b9  USBOEPBBAX_7                           
000023ba  USBOEPBCTX_7                           
000023bd  USBOEPBBAY_7                           
000023be  USBOEPBCTY_7                           
000023bf  USBOEPSIZXY_7                          
000023c8  USBIEPCNF_1                            
000023c9  USBIEPBBAX_1                           
000023ca  USBIEPBCTX_1                           
000023cd  USBIEPBBAY_1                           
000023ce  USBIEPBCTY_1                           
000023cf  USBIEPSIZXY_1                          
000023d0  USBIEPCNF_2                            
000023d1  USBIEPBBAX_2                           
000023d2  USBIEPBCTX_2                           
000023d5  USBIEPBBAY_2                           
000023d6  USBIEPBCTY_2                           
000023d7  USBIEPSIZXY_2                          
000023d8  USBIEPCNF_3                            
000023d9  USBIEPBBAX_3                           
000023da  USBIEPBCTX_3                           
000023dd  USBIEPBBAY_3                           
000023de  USBIEPBCTY_3                           
000023df  USBIEPSIZXY_3                          
000023e0  USBIEPCNF_4                            
000023e1  USBIEPBBAX_4                           
000023e2  USBIEPBCTX_4                           
000023e5  USBIEPBBAY_4                           
000023e6  USBIEPBCTY_4                           
000023e7  USBIEPSIZXY_4                          
000023e8  USBIEPCNF_5                            
000023e9  USBIEPBBAX_5                           
000023ea  USBIEPBCTX_5                           
000023ed  USBIEPBBAY_5                           
000023ee  USBIEPBCTY_5                           
000023ef  USBIEPSIZXY_5                          
000023f0  USBIEPCNF_6                            
000023f1  USBIEPBBAX_6                           
000023f2  USBIEPBCTX_6                           
000023f5  USBIEPBBAY_6                           
000023f6  USBIEPBCTY_6                           
000023f7  USBIEPSIZXY_6                          
000023f8  USBIEPCNF_7                            
000023f9  USBIEPBBAX_7                           
000023fa  USBIEPBCTX_7                           
000023fd  USBIEPBBAY_7                           
000023fe  USBIEPBCTY_7                           
000023ff  USBIEPSIZXY_7                          
00002400  A0results                              
00002410  A1results                              
00002420  A2results                              
00002430  A3results                              
00002458  jiantou                                
00002459  jiemian                                
0000245a  confirm                                
0000245b  temp_ready                             
0000245c  trans_complete_flag                    
0000245e  transtemp                              
00002466  errno                                  
00004360  _stack                                 
00004400  ADC12ISR                               
00004400  __STACK_END                            
0000444c  USCI_B0_ISR                            
0000446a  USCI_A0_ISR                            
00004486  USCI_B1_ISR                            
000044a2  _c_int00_noargs                        
000044be  TIMER0_A0_ISR                          
000044c8  __TI_ISR_TRAP                          
000044d0  WDT_ISR                                
000044d2  c_chFont3216                           
00005c92  c_chFont1616                           
00006872  c_chFont1608                           
00006e62  c_chFont1206                           
000072d6  _ctypes_                               
00007434  fonts_height                           
00007438  fonts_width                            
0000743c  __TI_Handler_Table_Base                
00007448  __TI_Handler_Table_Limit               
00007458  __TI_CINIT_Base                        
00007468  __TI_CINIT_Limit                       
0000ffd2  __TI_int41                             
0000ffd4  __TI_int42                             
0000ffd6  __TI_int43                             
0000ffd8  __TI_int44                             
0000ffda  __TI_int45                             
0000ffdc  __TI_int46                             
0000ffde  __TI_int47                             
0000ffe0  __TI_int48                             
0000ffe2  __TI_int49                             
0000ffe4  __TI_int50                             
0000ffe6  __TI_int51                             
0000ffe8  __TI_int52                             
0000ffea  __TI_int53                             
0000ffec  __TI_int54                             
0000ffee  __TI_int55                             
0000fff0  __TI_int56                             
0000fff2  __TI_int57                             
0000fff4  __TI_int58                             
0000fff6  __TI_int59                             
0000fff8  __TI_int60                             
0000fffa  __TI_int61                             
0000fffc  __TI_int62                             
0000fffe  _reset_vector                          
00010000  __TI_frcdivd                           
00010466  __mspabi_divull                        
000107b4  __mspabi_addd                          
00010a94  __TI_printfi                           
00010d3a  __TI_frcmpyd                           
00011718  __mspabi_mpyd                          
0001197e  __TI_frcaddd                           
00011dea  __mspabi_divd                          
000123fe  driver_init                            
000123fe  ssd1351_init                           
00012aa4  ldexp                                  
00012aa4  ldexpl                                 
00012aa4  scalbn                                 
00012aa4  scalbnl                                
00012e6e  ssd1351_display_char                   
0001317c  __mspabi_cmpd                          
0001331c  display_temperature                    
000133e0  __mspabi_mpyf                          
00013498  __TI_renormd                           
000135f0  frexp                                  
000135f0  frexpl                                 
00013696  __mspabi_fltlid                        
00013854  __mspabi_cvtdf                         
000138e0  ssd1351_display_string                 
0001396a  DS18B20_ReadTemp                       
000139ea  __TI_ltoa                              
00013ae2  ssd1351_clear_gram                     
00013b5a  __TI_decompress_lzss                   
00013bd0  ssd1351_draw_point                     
00013c3c  __mspabi_fixfi                         
00013ca4  __mspabi_fixdli                        
00013d0a  __mspabi_cvtfd                         
00013d6e  atoi                                   
00013dd0  ucs_init                               
00013e30  __mspabi_divul                         
00013e30  __mspabi_remul                         
00013e88  __TI_auto_init_nobinit_nopinit_hold_wdt
00013f78  DS18B20_WriteBit                       
00013fbe  sprintf                                
00014002  trans_start                            
00014044  __mspabi_divli                         
00014044  __mspabi_remli                         
00014084  DS18B20_Init                           
000140c2  DS18B20_ReadBit                        
00014100  __mspabi_sral_15                       
00014104  __mspabi_sral_14                       
00014108  __mspabi_sral_13                       
0001410c  __mspabi_sral_12                       
00014110  __mspabi_sral_11                       
00014114  __mspabi_sral_10                       
00014118  __mspabi_sral_9                        
0001411c  __mspabi_sral_8                        
00014120  __mspabi_sral_7                        
00014124  __mspabi_sral_6                        
00014128  __mspabi_sral_5                        
0001412c  __mspabi_sral_4                        
00014130  __mspabi_sral_3                        
00014134  __mspabi_sral_2                        
00014138  __mspabi_sral_1                        
0001413e  __mspabi_slll_15                       
00014142  __mspabi_slll_14                       
00014146  __mspabi_slll_13                       
0001414a  __mspabi_slll_12                       
0001414e  __mspabi_slll_11                       
00014152  __mspabi_slll_10                       
00014156  __mspabi_slll_9                        
0001415a  __mspabi_slll_8                        
0001415e  __mspabi_slll_7                        
00014162  __mspabi_slll_6                        
00014166  __mspabi_slll_5                        
0001416a  __mspabi_slll_4                        
0001416e  __mspabi_slll_3                        
00014172  __mspabi_slll_2                        
00014176  __mspabi_slll_1                        
0001417c  __mspabi_srll_15                       
00014180  __mspabi_srll_14                       
00014184  __mspabi_srll_13                       
00014188  __mspabi_srll_12                       
0001418c  __mspabi_srll_11                       
00014190  __mspabi_srll_10                       
00014194  __mspabi_srll_9                        
00014198  __mspabi_srll_8                        
0001419c  __mspabi_srll_7                        
000141a0  __mspabi_srll_6                        
000141a4  __mspabi_srll_5                        
000141a8  __mspabi_srll_4                        
000141ac  __mspabi_srll_3                        
000141b0  __mspabi_srll_2                        
000141b4  __mspabi_srll_1                        
000141ba  __mspabi_sllll                         
000141f4  __mspabi_srlll                         
0001422e  usci_a0_spi_transmit_frame             
00014266  __mspabi_fltif                         
0001429c  usci_a0_spi_init                       
000142d0  __mspabi_subd                          
00014332  usci_b0_i2c_rx_isr_handle              
00014362  __mspabi_negd                          
00014390  copysign                               
00014390  copysignl                              
000143be  main                                   
000143ea  usci_a0_spi_rx_isr_handle              
00014414  DS18B20_ReadByte                       
0001443c  __mspabi_fixdi                         
00014464  usci_b0_i2c_tx_isr_handle              
0001448c  memccpy                                
000144b2  __TI_zero_init_nomemset                
000144d6  __mspabi_mpyl_f5hw                     
000144fa  trans_temperature                      
0001451e  usci_a0_spi_tx_isr_handle              
00014542  usci_b1_spi_tx_isr_handle              
00014584  DS18B20_WriteByte                      
000145a2  user_loop                              
000145c0  strchr                                 
000145dc  usci_b1_spi_rx_isr_handle              
000145f6  __mspabi_mpyi_f5hw                     
0001460e  memset                                 
00014624  __mspabi_divu                          
00014624  __mspabi_remu                          
0001463a  wcslen                                 
00014650  TA0_CCR0_start                         
00014664  TA0_Init                               
0001468c  memcpy                                 
000146a0  TA0_CCR0_stop                          
000146b2  __TI_decompress_none                   
000146c4  toupper                                
000146d6  __mspabi_sral                          
000146e6  __mspabi_slll                          
000146f6  __mspabi_srll                          
00014706  strlen                                 
00014714  __mspabi_fltid                         
00014720  abs                                    
0001472a  device_init                            
00014734  C$$EXIT                                
00014734  abort                                  
0001473a  _system_pre_init                       
0001473e  _system_post_cinit                     
ffffffff  __TI_pprof_out_hndl                    
ffffffff  __TI_prof_data_size                    
ffffffff  __TI_prof_data_start                   
ffffffff  __c_args__                             

[926 symbols]
